#Build: Fabric Compiler 2022.2-SP6.4, Build 146967, Jan 31 01:39 2024
#Install: D:\ZGTC\pango\PDS_2022.2-SP6.4\bin
#Application name: pds.exe
#OS: Windows 10 10.0.26200
#Hostname: LAPTOP-F5RA6Q1A
Generated by Fabric Compiler (version 2022.2-SP6.4 build 146967) at Mon Apr 27 23:36:45 2026
Parse module hierarchy of project 'D:/ZGTC/Work/ccc/temp_projects/Main_Flow/Main_Flow.pds' (ADS Parser)
Compiling common defs.
Compiling technology operator (valence) library.
Compiling prim grid devices.
Compiling prim grid device symbols.
Compiling gate devices.
Compiling gate operators.
Compiling tech operator impls.
Building architecture model.
Loading device packaging model.
Building architecture floorplan logic view.
Building architecture floorplan schematic view.
Total time(hh:mm:ss) of open UCE: 00:00:08
Loading the device ...
Executing : get_ports sys_clk
Executing : get_ports sys_clk successfully.
Executing : create_clock -name sys_clk [get_ports sys_clk] -period 37.000 -waveform {0.000 18.500}
Executing : create_clock -name sys_clk [get_ports sys_clk] -period 37.000 -waveform {0.000 18.500} successfully.
Executing : get_ports clk_p
Executing : get_ports clk_p successfully.
Executing : create_clock -name ref_clk [get_ports clk_p] -period 8.0 -waveform {0 4.0}
Executing : create_clock -name ref_clk [get_ports clk_p] -period 8.0 -waveform {0 4.0} successfully.
Executing : get_ports pix_clk_in
Executing : get_ports pix_clk_in successfully.
Executing : create_clock -name pix_clk_in [get_ports pix_clk_in] -period 6.734 -waveform {0.000 3.367}
Executing : create_clock -name pix_clk_in [get_ports pix_clk_in] -period 6.734 -waveform {0.000 3.367} successfully.
Executing : get_ports clk_p
Executing : get_ports clk_p successfully.
Executing : get_pins u_ddr3_test_h.u_ddrphy_top.rst_clk_gpll/clkout0
Executing : get_pins u_ddr3_test_h.u_ddrphy_top.rst_clk_gpll/clkout0 successfully.
Executing : get_clocks ref_clk
Executing : get_clocks ref_clk successfully.
Executing : create_generated_clock -name rst_clk -source [get_ports clk_p] [get_pins u_ddr3_test_h.u_ddrphy_top.rst_clk_gpll/clkout0] -master_clock [get_clocks ref_clk] -multiply_by 16 -divide_by 16
Executing : create_generated_clock -name rst_clk -source [get_ports clk_p] [get_pins u_ddr3_test_h.u_ddrphy_top.rst_clk_gpll/clkout0] -master_clock [get_clocks ref_clk] -multiply_by 16 -divide_by 16 successfully.
Executing : get_ports clk_p
Executing : get_ports clk_p successfully.
Executing : get_pins u_ddr3_test_h.u_ddrphy_top.ddrphy_gpll/clkout0
Executing : get_pins u_ddr3_test_h.u_ddrphy_top.ddrphy_gpll/clkout0 successfully.
Executing : get_clocks ref_clk
Executing : get_clocks ref_clk successfully.
Executing : create_generated_clock -name ddrphy_sysclk -source [get_ports clk_p] [get_pins u_ddr3_test_h.u_ddrphy_top.ddrphy_gpll/clkout0] -master_clock [get_clocks ref_clk] -multiply_by 16 -divide_by 16
Executing : create_generated_clock -name ddrphy_sysclk -source [get_ports clk_p] [get_pins u_ddr3_test_h.u_ddrphy_top.ddrphy_gpll/clkout0] -master_clock [get_clocks ref_clk] -multiply_by 16 -divide_by 16 successfully.
Executing : get_ports clk_p
Executing : get_ports clk_p successfully.
Executing : get_pins {u_ddr3_test_h.u_ddrphy_top.ddrphy_slice_top.i_dqs_bank[0].ddrphy_ppll/clkoutphy}
Executing : get_pins {u_ddr3_test_h.u_ddrphy_top.ddrphy_slice_top.i_dqs_bank[0].ddrphy_ppll/clkoutphy} successfully.
Executing : get_clocks ref_clk
Executing : get_clocks ref_clk successfully.
Executing : create_generated_clock -name phy_dq_clk_0 -source [get_ports clk_p] [get_pins {u_ddr3_test_h.u_ddrphy_top.ddrphy_slice_top.i_dqs_bank[0].ddrphy_ppll/clkoutphy}] -master_clock [get_clocks ref_clk] -multiply_by 16 -divide_by 2
Executing : create_generated_clock -name phy_dq_clk_0 -source [get_ports clk_p] [get_pins {u_ddr3_test_h.u_ddrphy_top.ddrphy_slice_top.i_dqs_bank[0].ddrphy_ppll/clkoutphy}] -master_clock [get_clocks ref_clk] -multiply_by 16 -divide_by 2 successfully.
Executing : get_pins {u_ddr3_test_h.u_ddrphy_top.ddrphy_slice_top.i_dqs_bank[0].ddrphy_ppll/clkoutphy}
Executing : get_pins {u_ddr3_test_h.u_ddrphy_top.ddrphy_slice_top.i_dqs_bank[0].ddrphy_ppll/clkoutphy} successfully.
Executing : get_pins {u_ddr3_test_h.u_ddrphy_top.ddrphy_slice_top.i_dqs_bank[0].u_ddrphy_ioclkdiv/CLKDIVOUT}
Executing : get_pins {u_ddr3_test_h.u_ddrphy_top.ddrphy_slice_top.i_dqs_bank[0].u_ddrphy_ioclkdiv/CLKDIVOUT} successfully.
Executing : get_clocks phy_dq_clk_0
Executing : get_clocks phy_dq_clk_0 successfully.
Executing : create_generated_clock -name phy_dq_sysclk_0 -source [get_pins {u_ddr3_test_h.u_ddrphy_top.ddrphy_slice_top.i_dqs_bank[0].ddrphy_ppll/clkoutphy}] [get_pins {u_ddr3_test_h.u_ddrphy_top.ddrphy_slice_top.i_dqs_bank[0].u_ddrphy_ioclkdiv/CLKDIVOUT}] -master_clock [get_clocks phy_dq_clk_0] -edges {5 13 21} -edge_shift {0 0 0}
Executing : create_generated_clock -name phy_dq_sysclk_0 -source [get_pins {u_ddr3_test_h.u_ddrphy_top.ddrphy_slice_top.i_dqs_bank[0].ddrphy_ppll/clkoutphy}] [get_pins {u_ddr3_test_h.u_ddrphy_top.ddrphy_slice_top.i_dqs_bank[0].u_ddrphy_ioclkdiv/CLKDIVOUT}] -master_clock [get_clocks phy_dq_clk_0] -edges {5 13 21} -edge_shift {0 0 0} successfully.
Executing : get_clocks ddrphy_sysclk
Executing : get_clocks ddrphy_sysclk successfully.
Executing : get_clocks phy_dq_sysclk_0
Executing : get_clocks phy_dq_sysclk_0 successfully.
Executing : set_multicycle_path 2 -from [get_clocks ddrphy_sysclk] -to [get_clocks phy_dq_sysclk_0]
Executing : set_multicycle_path 2 -from [get_clocks ddrphy_sysclk] -to [get_clocks phy_dq_sysclk_0] successfully.
Executing : get_ports clk_p
Executing : get_ports clk_p successfully.
Executing : get_pins {u_ddr3_test_h.u_ddrphy_top.ddrphy_slice_top.i_dqs_bank[1].ddrphy_ppll/clkoutphy}
Executing : get_pins {u_ddr3_test_h.u_ddrphy_top.ddrphy_slice_top.i_dqs_bank[1].ddrphy_ppll/clkoutphy} successfully.
Executing : get_clocks ref_clk
Executing : get_clocks ref_clk successfully.
Executing : create_generated_clock -name phy_dq_clk_1 -source [get_ports clk_p] [get_pins {u_ddr3_test_h.u_ddrphy_top.ddrphy_slice_top.i_dqs_bank[1].ddrphy_ppll/clkoutphy}] -master_clock [get_clocks ref_clk] -multiply_by 16 -divide_by 2
Executing : create_generated_clock -name phy_dq_clk_1 -source [get_ports clk_p] [get_pins {u_ddr3_test_h.u_ddrphy_top.ddrphy_slice_top.i_dqs_bank[1].ddrphy_ppll/clkoutphy}] -master_clock [get_clocks ref_clk] -multiply_by 16 -divide_by 2 successfully.
Executing : get_pins {u_ddr3_test_h.u_ddrphy_top.ddrphy_slice_top.i_dqs_bank[1].ddrphy_ppll/clkoutphy}
Executing : get_pins {u_ddr3_test_h.u_ddrphy_top.ddrphy_slice_top.i_dqs_bank[1].ddrphy_ppll/clkoutphy} successfully.
Executing : get_pins {u_ddr3_test_h.u_ddrphy_top.ddrphy_slice_top.i_dqs_bank[1].u_ddrphy_ioclkdiv/CLKDIVOUT}
Executing : get_pins {u_ddr3_test_h.u_ddrphy_top.ddrphy_slice_top.i_dqs_bank[1].u_ddrphy_ioclkdiv/CLKDIVOUT} successfully.
Executing : get_clocks phy_dq_clk_1
Executing : get_clocks phy_dq_clk_1 successfully.
Executing : create_generated_clock -name phy_dq_sysclk_1 -source [get_pins {u_ddr3_test_h.u_ddrphy_top.ddrphy_slice_top.i_dqs_bank[1].ddrphy_ppll/clkoutphy}] [get_pins {u_ddr3_test_h.u_ddrphy_top.ddrphy_slice_top.i_dqs_bank[1].u_ddrphy_ioclkdiv/CLKDIVOUT}] -master_clock [get_clocks phy_dq_clk_1] -edges {5 13 21} -edge_shift {0 0 0}
Executing : create_generated_clock -name phy_dq_sysclk_1 -source [get_pins {u_ddr3_test_h.u_ddrphy_top.ddrphy_slice_top.i_dqs_bank[1].ddrphy_ppll/clkoutphy}] [get_pins {u_ddr3_test_h.u_ddrphy_top.ddrphy_slice_top.i_dqs_bank[1].u_ddrphy_ioclkdiv/CLKDIVOUT}] -master_clock [get_clocks phy_dq_clk_1] -edges {5 13 21} -edge_shift {0 0 0} successfully.
Executing : get_clocks ddrphy_sysclk
Executing : get_clocks ddrphy_sysclk successfully.
Executing : get_clocks phy_dq_sysclk_1
Executing : get_clocks phy_dq_sysclk_1 successfully.
Executing : set_multicycle_path 2 -from [get_clocks ddrphy_sysclk] -to [get_clocks phy_dq_sysclk_1]
Executing : set_multicycle_path 2 -from [get_clocks ddrphy_sysclk] -to [get_clocks phy_dq_sysclk_1] successfully.
Executing : get_clocks ddrphy_sysclk
Executing : get_clocks ddrphy_sysclk successfully.
Executing : get_clocks phy_dq_sysclk_0
Executing : get_clocks phy_dq_sysclk_0 successfully.
Executing : set_clock_uncertainty 0.4 -from [get_clocks ddrphy_sysclk] -to [get_clocks phy_dq_sysclk_0] -setup -hold
Executing : set_clock_uncertainty 0.4 -from [get_clocks ddrphy_sysclk] -to [get_clocks phy_dq_sysclk_0] -setup -hold successfully.
Executing : get_clocks phy_dq_sysclk_0
Executing : get_clocks phy_dq_sysclk_0 successfully.
Executing : get_clocks ddrphy_sysclk
Executing : get_clocks ddrphy_sysclk successfully.
Executing : set_clock_uncertainty 0.4 -from [get_clocks phy_dq_sysclk_0] -to [get_clocks ddrphy_sysclk] -setup -hold
Executing : set_clock_uncertainty 0.4 -from [get_clocks phy_dq_sysclk_0] -to [get_clocks ddrphy_sysclk] -setup -hold successfully.
Executing : get_clocks ddrphy_sysclk
Executing : get_clocks ddrphy_sysclk successfully.
Executing : get_clocks phy_dq_sysclk_1
Executing : get_clocks phy_dq_sysclk_1 successfully.
Executing : set_clock_uncertainty 0.4 -from [get_clocks ddrphy_sysclk] -to [get_clocks phy_dq_sysclk_1] -setup -hold
Executing : set_clock_uncertainty 0.4 -from [get_clocks ddrphy_sysclk] -to [get_clocks phy_dq_sysclk_1] -setup -hold successfully.
Executing : get_clocks phy_dq_sysclk_1
Executing : get_clocks phy_dq_sysclk_1 successfully.
Executing : get_clocks ddrphy_sysclk
Executing : get_clocks ddrphy_sysclk successfully.
Executing : set_clock_uncertainty 0.4 -from [get_clocks phy_dq_sysclk_1] -to [get_clocks ddrphy_sysclk] -setup -hold
Executing : set_clock_uncertainty 0.4 -from [get_clocks phy_dq_sysclk_1] -to [get_clocks ddrphy_sysclk] -setup -hold successfully.
Executing : get_clocks sys_clk
Executing : get_clocks sys_clk successfully.
Executing : set_clock_groups -name sys_clk -asynchronous -group [get_clocks sys_clk]
Executing : set_clock_groups -name sys_clk -asynchronous -group [get_clocks sys_clk] successfully.
Executing : get_clocks ref_clk
Executing : get_clocks ref_clk successfully.
Executing : set_clock_groups -name ref_clk -asynchronous -group [get_clocks ref_clk]
Executing : set_clock_groups -name ref_clk -asynchronous -group [get_clocks ref_clk] successfully.
Executing : get_clocks rst_clk
Executing : get_clocks rst_clk successfully.
Executing : set_clock_groups -name rst_clk -asynchronous -group [get_clocks rst_clk]
Executing : set_clock_groups -name rst_clk -asynchronous -group [get_clocks rst_clk] successfully.
Executing : get_clocks phy_dq_clk_0
Executing : get_clocks phy_dq_clk_0 successfully.
Executing : set_clock_groups -name phy_dq_clk_0 -asynchronous -group [get_clocks phy_dq_clk_0]
Executing : set_clock_groups -name phy_dq_clk_0 -asynchronous -group [get_clocks phy_dq_clk_0] successfully.
Executing : get_clocks phy_dq_clk_1
Executing : get_clocks phy_dq_clk_1 successfully.
Executing : set_clock_groups -name phy_dq_clk_1 -asynchronous -group [get_clocks phy_dq_clk_1]
Executing : set_clock_groups -name phy_dq_clk_1 -asynchronous -group [get_clocks phy_dq_clk_1] successfully.
Executing : get_clocks pix_clk_in
Executing : get_clocks pix_clk_in successfully.
Executing : set_clock_groups -name pix_clk_in -asynchronous -group [get_clocks pix_clk_in]
Executing : set_clock_groups -name pix_clk_in -asynchronous -group [get_clocks pix_clk_in] successfully.
Executing : get_clocks cfg_clk
C: SDC-2017: [D:/ZGTC/Work/ccc/fdc/HDMI_DDR3_OV5640_test.fdc(line number: 956)] Nothing implicitly matched 'cfg_clk'.
Executing : get_clocks cfg_clk successfully.
Executing : set_clock_groups -name cfg_clk -asynchronous -group [get_clocks cfg_clk]
C: SDC-2027: [D:/ZGTC/Work/ccc/fdc/HDMI_DDR3_OV5640_test.fdc(line number: 956)] One or more clocks can not find in the group '[get_clocks cfg_clk]', command 'set_clock_groups' is ignored.
Executing : set_clock_groups -name cfg_clk -asynchronous -group [get_clocks cfg_clk] successfully.
Executing : get_clocks clk_25M
C: SDC-2017: [D:/ZGTC/Work/ccc/fdc/HDMI_DDR3_OV5640_test.fdc(line number: 957)] Nothing implicitly matched 'clk_25M'.
Executing : get_clocks clk_25M successfully.
Executing : set_clock_groups -name clk_25M -asynchronous -group [get_clocks clk_25M]
C: SDC-2027: [D:/ZGTC/Work/ccc/fdc/HDMI_DDR3_OV5640_test.fdc(line number: 957)] One or more clocks can not find in the group '[get_clocks clk_25M]', command 'set_clock_groups' is ignored.
Executing : set_clock_groups -name clk_25M -asynchronous -group [get_clocks clk_25M] successfully.
Executing : get_clocks pix_clk_out
C: SDC-2017: [D:/ZGTC/Work/ccc/fdc/HDMI_DDR3_OV5640_test.fdc(line number: 958)] Nothing implicitly matched 'pix_clk_out'.
Executing : get_clocks pix_clk_out successfully.
Executing : set_clock_groups -name pix_clk_out -asynchronous -group [get_clocks pix_clk_out]
C: SDC-2027: [D:/ZGTC/Work/ccc/fdc/HDMI_DDR3_OV5640_test.fdc(line number: 958)] One or more clocks can not find in the group '[get_clocks pix_clk_out]', command 'set_clock_groups' is ignored.
Executing : set_clock_groups -name pix_clk_out -asynchronous -group [get_clocks pix_clk_out] successfully.
Executing : get_ports rgmii_rxc
Executing : get_ports rgmii_rxc successfully.
Executing : create_clock -name rgmii_rxc [get_ports rgmii_rxc] -period 8.000 -waveform {0.000 4.000}
Executing : create_clock -name rgmii_rxc [get_ports rgmii_rxc] -period 8.000 -waveform {0.000 4.000} successfully.
Executing : get_ports rgmii_txc
Executing : get_ports rgmii_txc successfully.
Executing : create_clock -name rgmii_txc [get_ports rgmii_txc] -period 8.000 -waveform {0.000 4.000}
Executing : create_clock -name rgmii_txc [get_ports rgmii_txc] -period 8.000 -waveform {0.000 4.000} successfully.
W: ConstraintEditor-4026: [D:/ZGTC/Work/ccc/fdc/HDMI_DDR3_OV5640_test.fdc(line number: 1278)] PAP_IO_DIRECTION is already defined in p:ETH_led, new value OUTPUT will overwrite the current value.
W: ConstraintEditor-4026: [D:/ZGTC/Work/ccc/fdc/HDMI_DDR3_OV5640_test.fdc(line number: 1279)] PAP_IO_LOC is already defined in p:ETH_led, new value B17 will overwrite the current value.
W: ConstraintEditor-4026: [D:/ZGTC/Work/ccc/fdc/HDMI_DDR3_OV5640_test.fdc(line number: 1280)] PAP_IO_VCCIO is already defined in p:ETH_led, new value 3.3 will overwrite the current value.
W: ConstraintEditor-4026: [D:/ZGTC/Work/ccc/fdc/HDMI_DDR3_OV5640_test.fdc(line number: 1281)] PAP_IO_STANDARD is already defined in p:ETH_led, new value LVCMOS33 will overwrite the current value.
W: ConstraintEditor-4026: [D:/ZGTC/Work/ccc/fdc/HDMI_DDR3_OV5640_test.fdc(line number: 1282)] PAP_IO_DRIVE is already defined in p:ETH_led, new value 4 will overwrite the current value.
W: ConstraintEditor-4026: [D:/ZGTC/Work/ccc/fdc/HDMI_DDR3_OV5640_test.fdc(line number: 1283)] PAP_IO_NONE is already defined in p:ETH_led, new value TRUE will overwrite the current value.
W: ConstraintEditor-4026: [D:/ZGTC/Work/ccc/fdc/HDMI_DDR3_OV5640_test.fdc(line number: 1284)] PAP_IO_SLEW is already defined in p:ETH_led, new value FAST will overwrite the current value.
C: ConstraintEditor-2002: [D:/ZGTC/Work/ccc/fdc/HDMI_DDR3_OV5640_test.fdc(line number: 36)] | Port r_b_out[7] has been placed at location T22, whose type is share pin.
C: ConstraintEditor-2002: [D:/ZGTC/Work/ccc/fdc/HDMI_DDR3_OV5640_test.fdc(line number: 43)] | Port r_b_out[6] has been placed at location R22, whose type is share pin.
C: ConstraintEditor-2002: [D:/ZGTC/Work/ccc/fdc/HDMI_DDR3_OV5640_test.fdc(line number: 50)] | Port r_b_out[5] has been placed at location N18, whose type is share pin.
C: ConstraintEditor-2002: [D:/ZGTC/Work/ccc/fdc/HDMI_DDR3_OV5640_test.fdc(line number: 85)] | Port r_b_out[0] has been placed at location P19, whose type is share pin.
C: ConstraintEditor-2002: [D:/ZGTC/Work/ccc/fdc/HDMI_DDR3_OV5640_test.fdc(line number: 99)] | Port r_g_out[6] has been placed at location N23, whose type is share pin.
C: ConstraintEditor-2002: [D:/ZGTC/Work/ccc/fdc/HDMI_DDR3_OV5640_test.fdc(line number: 106)] | Port r_g_out[5] has been placed at location N24, whose type is share pin.
C: ConstraintEditor-2002: [D:/ZGTC/Work/ccc/fdc/HDMI_DDR3_OV5640_test.fdc(line number: 113)] | Port r_g_out[4] has been placed at location P23, whose type is share pin.
C: ConstraintEditor-2002: [D:/ZGTC/Work/ccc/fdc/HDMI_DDR3_OV5640_test.fdc(line number: 120)] | Port r_g_out[3] has been placed at location P24, whose type is share pin.
C: ConstraintEditor-2002: [D:/ZGTC/Work/ccc/fdc/HDMI_DDR3_OV5640_test.fdc(line number: 127)] | Port r_g_out[2] has been placed at location R25, whose type is share pin.
C: ConstraintEditor-2002: [D:/ZGTC/Work/ccc/fdc/HDMI_DDR3_OV5640_test.fdc(line number: 134)] | Port r_g_out[1] has been placed at location P25, whose type is share pin.
C: ConstraintEditor-2002: [D:/ZGTC/Work/ccc/fdc/HDMI_DDR3_OV5640_test.fdc(line number: 141)] | Port r_g_out[0] has been placed at location T25, whose type is share pin.
C: ConstraintEditor-2002: [D:/ZGTC/Work/ccc/fdc/HDMI_DDR3_OV5640_test.fdc(line number: 148)] | Port r_r_out[7] has been placed at location P16, whose type is share pin.
C: ConstraintEditor-2002: [D:/ZGTC/Work/ccc/fdc/HDMI_DDR3_OV5640_test.fdc(line number: 155)] | Port r_r_out[6] has been placed at location K25, whose type is share pin.
C: ConstraintEditor-2002: [D:/ZGTC/Work/ccc/fdc/HDMI_DDR3_OV5640_test.fdc(line number: 162)] | Port r_r_out[5] has been placed at location K26, whose type is share pin.
C: ConstraintEditor-2002: [D:/ZGTC/Work/ccc/fdc/HDMI_DDR3_OV5640_test.fdc(line number: 176)] | Port r_r_out[3] has been placed at location L25, whose type is share pin.
C: ConstraintEditor-2002: [D:/ZGTC/Work/ccc/fdc/HDMI_DDR3_OV5640_test.fdc(line number: 205)] | Port r_de_out has been placed at location N19, whose type is share pin.
C: ConstraintEditor-2002: [D:/ZGTC/Work/ccc/fdc/HDMI_DDR3_OV5640_test.fdc(line number: 213)] | Port r_hs_out has been placed at location R20, whose type is share pin.
C: ConstraintEditor-2002: [D:/ZGTC/Work/ccc/fdc/HDMI_DDR3_OV5640_test.fdc(line number: 232)] | Port hdmi_rst has been placed at location G25, whose type is share pin.
C: ConstraintEditor-2002: [D:/ZGTC/Work/ccc/fdc/HDMI_DDR3_OV5640_test.fdc(line number: 240)] | Port r_vs_out has been placed at location R21, whose type is share pin.
C: ConstraintEditor-2002: [D:/ZGTC/Work/ccc/fdc/HDMI_DDR3_OV5640_test.fdc(line number: 269)] | Port b_in[4] has been placed at location L17, whose type is share pin.
C: ConstraintEditor-2002: [D:/ZGTC/Work/ccc/fdc/HDMI_DDR3_OV5640_test.fdc(line number: 274)] | Port b_in[3] has been placed at location H18, whose type is share pin.
C: ConstraintEditor-2002: [D:/ZGTC/Work/ccc/fdc/HDMI_DDR3_OV5640_test.fdc(line number: 279)] | Port b_in[2] has been placed at location J18, whose type is share pin.
C: ConstraintEditor-2002: [D:/ZGTC/Work/ccc/fdc/HDMI_DDR3_OV5640_test.fdc(line number: 289)] | Port b_in[0] has been placed at location L18, whose type is share pin.
C: ConstraintEditor-2002: [D:/ZGTC/Work/ccc/fdc/HDMI_DDR3_OV5640_test.fdc(line number: 294)] | Port g_in[7] has been placed at location L15, whose type is share pin.
C: ConstraintEditor-2002: [D:/ZGTC/Work/ccc/fdc/HDMI_DDR3_OV5640_test.fdc(line number: 299)] | Port g_in[6] has been placed at location K16, whose type is share pin.
C: ConstraintEditor-2002: [D:/ZGTC/Work/ccc/fdc/HDMI_DDR3_OV5640_test.fdc(line number: 304)] | Port g_in[5] has been placed at location K17, whose type is share pin.
C: ConstraintEditor-2002: [D:/ZGTC/Work/ccc/fdc/HDMI_DDR3_OV5640_test.fdc(line number: 309)] | Port g_in[4] has been placed at location K15, whose type is share pin.
C: ConstraintEditor-2002: [D:/ZGTC/Work/ccc/fdc/HDMI_DDR3_OV5640_test.fdc(line number: 314)] | Port g_in[3] has been placed at location J16, whose type is share pin.
C: ConstraintEditor-2002: [D:/ZGTC/Work/ccc/fdc/HDMI_DDR3_OV5640_test.fdc(line number: 319)] | Port g_in[2] has been placed at location J15, whose type is share pin.
C: ConstraintEditor-2002: [D:/ZGTC/Work/ccc/fdc/HDMI_DDR3_OV5640_test.fdc(line number: 324)] | Port g_in[1] has been placed at location J14, whose type is share pin.
C: ConstraintEditor-2002: [D:/ZGTC/Work/ccc/fdc/HDMI_DDR3_OV5640_test.fdc(line number: 349)] | Port r_in[4] has been placed at location K20, whose type is share pin.
C: ConstraintEditor-2002: [D:/ZGTC/Work/ccc/fdc/HDMI_DDR3_OV5640_test.fdc(line number: 354)] | Port r_in[3] has been placed at location J20, whose type is share pin.
C: ConstraintEditor-2002: [D:/ZGTC/Work/ccc/fdc/HDMI_DDR3_OV5640_test.fdc(line number: 359)] | Port r_in[2] has been placed at location J19, whose type is share pin.
C: ConstraintEditor-2002: [D:/ZGTC/Work/ccc/fdc/HDMI_DDR3_OV5640_test.fdc(line number: 364)] | Port r_in[1] has been placed at location H19, whose type is share pin.
C: ConstraintEditor-2002: [D:/ZGTC/Work/ccc/fdc/HDMI_DDR3_OV5640_test.fdc(line number: 369)] | Port r_in[0] has been placed at location M15, whose type is share pin.
C: ConstraintEditor-2002: [D:/ZGTC/Work/ccc/fdc/HDMI_DDR3_OV5640_test.fdc(line number: 395)] | Port vs_in has been placed at location H24, whose type is share pin.
C: ConstraintEditor-2002: [D:/ZGTC/Work/ccc/fdc/HDMI_DDR3_OV5640_test.fdc(line number: 515)] | Port mem_dq[15] has been placed at location G6, whose type is share pin.
C: ConstraintEditor-2002: [D:/ZGTC/Work/ccc/fdc/HDMI_DDR3_OV5640_test.fdc(line number: 529)] | Port mem_dq[13] has been placed at location E6, whose type is share pin.
C: ConstraintEditor-2002: [D:/ZGTC/Work/ccc/fdc/HDMI_DDR3_OV5640_test.fdc(line number: 536)] | Port mem_dq[12] has been placed at location G8, whose type is share pin.
C: ConstraintEditor-2002: [D:/ZGTC/Work/ccc/fdc/HDMI_DDR3_OV5640_test.fdc(line number: 543)] | Port mem_dq[11] has been placed at location D6, whose type is share pin.
C: ConstraintEditor-2002: [D:/ZGTC/Work/ccc/fdc/HDMI_DDR3_OV5640_test.fdc(line number: 550)] | Port mem_dq[10] has been placed at location H8, whose type is share pin.
C: ConstraintEditor-2002: [D:/ZGTC/Work/ccc/fdc/HDMI_DDR3_OV5640_test.fdc(line number: 564)] | Port mem_dq[8] has been placed at location H6, whose type is share pin.
C: ConstraintEditor-2002: [D:/ZGTC/Work/ccc/fdc/HDMI_DDR3_OV5640_test.fdc(line number: 571)] | Port mem_dq[7] has been placed at location J5, whose type is share pin.
C: ConstraintEditor-2002: [D:/ZGTC/Work/ccc/fdc/HDMI_DDR3_OV5640_test.fdc(line number: 585)] | Port mem_dq[5] has been placed at location K7, whose type is share pin.
C: ConstraintEditor-2002: [D:/ZGTC/Work/ccc/fdc/HDMI_DDR3_OV5640_test.fdc(line number: 599)] | Port mem_dq[3] has been placed at location L8, whose type is share pin.
C: ConstraintEditor-2002: [D:/ZGTC/Work/ccc/fdc/HDMI_DDR3_OV5640_test.fdc(line number: 613)] | Port mem_dq[1] has been placed at location J6, whose type is share pin.
C: ConstraintEditor-2002: [D:/ZGTC/Work/ccc/fdc/HDMI_DDR3_OV5640_test.fdc(line number: 746)] | Port mem_dqs[1] has been placed at location H7, whose type is share pin.
C: ConstraintEditor-2002: [D:/ZGTC/Work/ccc/fdc/HDMI_DDR3_OV5640_test.fdc(line number: 753)] | Port mem_dqs[0] has been placed at location J4, whose type is share pin.
C: ConstraintEditor-2002: [D:/ZGTC/Work/ccc/fdc/HDMI_DDR3_OV5640_test.fdc(line number: 774)] | Port mem_dqs_n[1] has been placed at location G7, whose type is share pin.
C: ConstraintEditor-2002: [D:/ZGTC/Work/ccc/fdc/HDMI_DDR3_OV5640_test.fdc(line number: 781)] | Port mem_dqs_n[0] has been placed at location H4, whose type is share pin.
C: ConstraintEditor-2002: [D:/ZGTC/Work/ccc/fdc/HDMI_DDR3_OV5640_test.fdc(line number: 830)] | Port mem_dm[0] has been placed at location K6, whose type is share pin.
C: ConstraintEditor-2002: [D:/ZGTC/Work/ccc/fdc/HDMI_DDR3_OV5640_test.fdc(line number: 1160)] | Port iic_tx_sda has been placed at location K23, whose type is share pin.
C: ConstraintEditor-2002: [D:/ZGTC/Work/ccc/fdc/HDMI_DDR3_OV5640_test.fdc(line number: 1174)] | Port iic_tx_scl has been placed at location K22, whose type is share pin.
W: UserConstraintEditor-4001: [D:/ZGTC/Work/ccc/fdc/HDMI_DDR3_OV5640_test.fdc(line number: 973)] Wide inst editing is temporarily not supported.
W: UserConstraintEditor-4001: [D:/ZGTC/Work/ccc/fdc/HDMI_DDR3_OV5640_test.fdc(line number: 974)] Wide inst editing is temporarily not supported.
Open UCE successfully.
Current device : PG2L100H-6FBG676
