#Build: Fabric Compiler 2022.2-SP6.4, Build 146967, Jan 31 01:39 2024
#Install: D:\pango\PDS_2022.2-SP6.4\bin
#Application name: pds.exe
#OS: Windows 10 10.0.26200
#Hostname: LCR
Generated by Fabric Compiler (version 2022.2-SP6.4 build 146967) at Sat Apr 25 23:47:55 2026
Parse module hierarchy of project 'D:/desktop/ccc/temp_projects/Main_Flow/Main_Flow.pds' (ADS Parser)
Parse module hierarchy of project 'D:/desktop/ccc/temp_projects/Main_Flow/Main_Flow.pds' (ADS Parser)
I: Flow-6004: Design file modified: "D:/desktop/ccc/source/aaa_top/hdmi_ddr_ov5640_top.v". 
Parse module hierarchy of project 'D:/desktop/ccc/temp_projects/Main_Flow/Main_Flow.pds' (ADS Parser)
I: Flow-6004: Design file modified: "D:/desktop/ccc/source/aaa_top/hdmi_ddr_ov5640_top.v". 
Parse module hierarchy of project 'D:/desktop/ccc/temp_projects/Main_Flow/Main_Flow.pds' (ADS Parser)
I: Flow-6004: Design file modified: "D:/desktop/ccc/source/aaa_top/hdmi_ddr_ov5640_top.v". 
Parse module hierarchy of project 'D:/desktop/ccc/temp_projects/Main_Flow/Main_Flow.pds' (ADS Parser)
I: Flow-6004: Design file modified: "D:/desktop/ccc/source/aaa_top/hdmi_ddr_ov5640_top.v". 
Parse module hierarchy of project 'D:/desktop/ccc/temp_projects/Main_Flow/Main_Flow.pds' (ADS Parser)
I: Flow-6004: Design file modified: "D:/desktop/ccc/source/aaa_top/hdmi_ddr_ov5640_top.v". 
E: Verilog-4073: [D:/desktop/ccc/source/aaa_top/hdmi_ddr_ov5640_top.v(line number: 885)] Assignment target r_r_out must be of type reg or genvar
E: Verilog-4073: [D:/desktop/ccc/source/aaa_top/hdmi_ddr_ov5640_top.v(line number: 886)] Assignment target r_g_out must be of type reg or genvar
E: Verilog-4073: [D:/desktop/ccc/source/aaa_top/hdmi_ddr_ov5640_top.v(line number: 887)] Assignment target r_b_out must be of type reg or genvar
E: Verilog-4073: [D:/desktop/ccc/source/aaa_top/hdmi_ddr_ov5640_top.v(line number: 917)] Assignment target r_r_out must be of type reg or genvar
E: Verilog-4073: [D:/desktop/ccc/source/aaa_top/hdmi_ddr_ov5640_top.v(line number: 918)] Assignment target r_g_out must be of type reg or genvar
E: Verilog-4073: [D:/desktop/ccc/source/aaa_top/hdmi_ddr_ov5640_top.v(line number: 919)] Assignment target r_b_out must be of type reg or genvar
E: Verilog-4073: [D:/desktop/ccc/source/aaa_top/hdmi_ddr_ov5640_top.v(line number: 933)] Assignment target r_r_out must be of type reg or genvar
E: Verilog-4073: [D:/desktop/ccc/source/aaa_top/hdmi_ddr_ov5640_top.v(line number: 934)] Assignment target r_g_out must be of type reg or genvar
E: Verilog-4073: [D:/desktop/ccc/source/aaa_top/hdmi_ddr_ov5640_top.v(line number: 935)] Assignment target r_b_out must be of type reg or genvar
E: Verilog-4073: [D:/desktop/ccc/source/aaa_top/hdmi_ddr_ov5640_top.v(line number: 945)] Assignment target r_r_out must be of type reg or genvar
E: Verilog-4073: [D:/desktop/ccc/source/aaa_top/hdmi_ddr_ov5640_top.v(line number: 946)] Assignment target r_g_out must be of type reg or genvar
E: Verilog-4073: [D:/desktop/ccc/source/aaa_top/hdmi_ddr_ov5640_top.v(line number: 947)] Assignment target r_b_out must be of type reg or genvar
E: Verilog-4073: [D:/desktop/ccc/source/aaa_top/hdmi_ddr_ov5640_top.v(line number: 961)] Assignment target r_r_out must be of type reg or genvar
E: Verilog-4073: [D:/desktop/ccc/source/aaa_top/hdmi_ddr_ov5640_top.v(line number: 962)] Assignment target r_g_out must be of type reg or genvar
E: Verilog-4073: [D:/desktop/ccc/source/aaa_top/hdmi_ddr_ov5640_top.v(line number: 963)] Assignment target r_b_out must be of type reg or genvar
E: Verilog-4073: [D:/desktop/ccc/source/aaa_top/hdmi_ddr_ov5640_top.v(line number: 976)] Assignment target r_r_out must be of type reg or genvar
E: Verilog-4073: [D:/desktop/ccc/source/aaa_top/hdmi_ddr_ov5640_top.v(line number: 977)] Assignment target r_g_out must be of type reg or genvar
E: Verilog-4073: [D:/desktop/ccc/source/aaa_top/hdmi_ddr_ov5640_top.v(line number: 978)] Assignment target r_b_out must be of type reg or genvar
E: Parsing ERROR.
Parse module hierarchy of project 'D:/desktop/ccc/temp_projects/Main_Flow/Main_Flow.pds' (ADS Parser)
I: Flow-6004: Design file modified: "D:/desktop/ccc/source/aaa_top/hdmi_ddr_ov5640_top.v". 
Parse module hierarchy of project 'D:/desktop/ccc/temp_projects/Main_Flow/Main_Flow.pds' (ADS Parser)
I: Flow-6004: Design file modified: "D:/desktop/ccc/source/aaa_top/hdmi_ddr_ov5640_top.v". 
Parse module hierarchy of project 'D:/desktop/ccc/temp_projects/Main_Flow/Main_Flow.pds' (ADS Parser)
I: Flow-6004: Design file modified: "D:/desktop/ccc/source/aaa_top/hdmi_ddr_ov5640_top.v". 
Parse module hierarchy of project 'D:/desktop/ccc/temp_projects/Main_Flow/Main_Flow.pds' (ADS Parser)
I: Flow-6004: Design file modified: "D:/desktop/ccc/source/aaa_top/hdmi_ddr_ov5640_top.v". 
C: Flow-2004: Constraint file modified: "D:/desktop/ccc/fdc/HDMI_DDR3_OV5640_test.fdc". 
C: Flow-2004: Constraint file modified: "D:/desktop/ccc/fdc/HDMI_DDR3_OV5640_test.fdc". 
C: Flow-2004: Constraint file modified: "D:/desktop/ccc/fdc/HDMI_DDR3_OV5640_test.fdc". 
Parse module hierarchy of project 'D:/desktop/ccc/temp_projects/Main_Flow/Main_Flow.pds' (ADS Parser)
I: Flow-6004: Design file modified: "D:/desktop/ccc/source/aaa_top/hdmi_ddr_ov5640_top.v". 
C: Flow-2004: Constraint file modified: "D:/desktop/ccc/fdc/HDMI_DDR3_OV5640_test.fdc". 
Parse module hierarchy of project 'D:/desktop/ccc/temp_projects/Main_Flow/Main_Flow.pds' (ADS Parser)
I: Flow-6004: Design file modified: "D:/desktop/ccc/source/aaa_top/hdmi_ddr_ov5640_top.v". 
