#Build: Fabric Configuration 2022.2-SP6.4, Build 146967, Jan 31 01:39 2024
#Install: D:\ZGTC\pango\PDS_2022.2-SP6.4\bin
#Application name: cdt_cfg.exe
#OS: Windows 10 10.0.26200
#Hostname: LAPTOP-F5RA6Q1A
Generated by Fabric Configuration (version 2022.2-SP6.4 build 146967) at Tue Apr 28 13:54:16 2026
M_PROCESS_FINISH_STARTED

Connecting to server[127.0.0.1 : 65420].
Connect to server[127.0.0.1 : 65420] successfully.
COMMAND[check version information] execute successfully, takes 0.3 secs.
The cable List : 
Cable index 0:USB Cable II/fffffffffffffffe 

COMMAND[get_cable_paras] execute successfully, takes 1.1 secs.
PANGO USB CABLE II cable driver: D2XX DLL
PG2L100H
This device configure situation (done bit): 1
COMMAND[Open config cable] execute successfully, takes 3.7 secs.
The done bit is 1
COMMAND[Program] execute successfully, takes 3.4 secs.
The done bit is 1
COMMAND[Program] execute successfully, takes 6.1 secs.
The done bit is 1
COMMAND[Program] execute successfully, takes 5.8 secs.
