#Build: Fabric Debugger 2022.2-SP6.4, Build 146967, Jan 31 01:39 2024
#Install: D:\ZGTC\pango\PDS_2022.2-SP6.4\bin
#Application name: cdt_dbg.exe
#OS: Windows 10 10.0.26200
#Hostname: LAPTOP-F5RA6Q1A
Generated by Fabric Debugger (version 2022.2-SP6.4 build 146967) at Mon Apr 27 17:34:48 2026
M_PROCESS_FINISH_STARTED

Import Core: 0 OK
W: Debugger-4002: Core Parse: Trigger Port bus name:mac_tx_data_0 exist, fail to import.
W: Debugger-4002: Core Parse: Trigger Port bus name:mac_rx_data_0 exist, fail to import.
W: Debugger-4002: Core Parse: Trigger Port bus name:u_udp/crc_data exist, fail to import.
W: Debugger-4002: Core Parse: Bus name:mac_tx_data_0 exist, fail to import.
W: Debugger-4002: Core Parse: Bus name:mac_rx_data_0 exist, fail to import.
W: Debugger-4002: Core Parse: Bus name:u_udp/crc_data exist, fail to import.
Import Core: 0 OK
W: Core 0 is stopped by user
E: Debugger-0006: Command run exec unsuccessfully.
W: Debugger-4002: Core Parse: Trigger Port bus name:mac_tx_data_0 exist, fail to import.
W: Debugger-4002: Core Parse: Trigger Port bus name:mac_rx_data_0 exist, fail to import.
W: Debugger-4002: Core Parse: Trigger Port bus name:u_udp/crc_data exist, fail to import.
W: Debugger-4002: Core Parse: Bus name:mac_tx_data_0 exist, fail to import.
W: Debugger-4002: Core Parse: Bus name:mac_rx_data_0 exist, fail to import.
W: Debugger-4002: Core Parse: Bus name:u_udp/crc_data exist, fail to import.
Import Core: 0 OK
W: Debugger-4002: Core Parse: Trigger Port bus name:mac_tx_data_0 exist, fail to import.
W: Debugger-4002: Core Parse: Trigger Port bus name:mac_rx_data_0 exist, fail to import.
W: Debugger-4002: Core Parse: Trigger Port bus name:u_udp/crc_data exist, fail to import.
W: Debugger-4002: Core Parse: Bus name:mac_tx_data_0 exist, fail to import.
W: Debugger-4002: Core Parse: Bus name:mac_rx_data_0 exist, fail to import.
W: Debugger-4002: Core Parse: Bus name:u_udp/crc_data exist, fail to import.
Import Core: 0 OK
W: Debugger-4002: Core Parse: Trigger Port bus name:mac_tx_data_0 exist, fail to import.
W: Debugger-4002: Core Parse: Trigger Port bus name:mac_rx_data_0 exist, fail to import.
W: Debugger-4002: Core Parse: Trigger Port bus name:u_udp/crc_data exist, fail to import.
W: Debugger-4002: Core Parse: Bus name:mac_tx_data_0 exist, fail to import.
W: Debugger-4002: Core Parse: Bus name:mac_rx_data_0 exist, fail to import.
W: Debugger-4002: Core Parse: Bus name:u_udp/crc_data exist, fail to import.
Import Core: 0 OK
W: Debugger-4002: Core Parse: Trigger Port bus name:mac_tx_data_0 exist, fail to import.
W: Debugger-4002: Core Parse: Trigger Port bus name:mac_rx_data_0 exist, fail to import.
W: Debugger-4002: Core Parse: Trigger Port bus name:u_udp/crc_data exist, fail to import.
W: Debugger-4002: Core Parse: Bus name:mac_tx_data_0 exist, fail to import.
W: Debugger-4002: Core Parse: Bus name:mac_rx_data_0 exist, fail to import.
W: Debugger-4002: Core Parse: Bus name:u_udp/crc_data exist, fail to import.
Import Core: 0 OK
W: Debugger-4002: Core Parse: Trigger Port bus name:mac_tx_data_0 exist, fail to import.
W: Debugger-4002: Core Parse: Trigger Port bus name:mac_rx_data_0 exist, fail to import.
W: Debugger-4002: Core Parse: Trigger Port bus name:u_udp/crc_data exist, fail to import.
W: Debugger-4002: Core Parse: Bus name:mac_tx_data_0 exist, fail to import.
W: Debugger-4002: Core Parse: Bus name:mac_rx_data_0 exist, fail to import.
W: Debugger-4002: Core Parse: Bus name:u_udp/crc_data exist, fail to import.
Import Core: 0 OK
W: Debugger-4002: Core Parse: Trigger Port bus name:mac_tx_data_0 exist, fail to import.
W: Debugger-4002: Core Parse: Trigger Port bus name:mac_rx_data_0 exist, fail to import.
W: Debugger-4002: Core Parse: Trigger Port bus name:u_udp/crc_data exist, fail to import.
W: Debugger-4002: Core Parse: Bus name:mac_tx_data_0 exist, fail to import.
W: Debugger-4002: Core Parse: Bus name:mac_rx_data_0 exist, fail to import.
W: Debugger-4002: Core Parse: Bus name:u_udp/crc_data exist, fail to import.
Import Core: 0 OK
W: Debugger-4002: Core Parse: Trigger Port bus name:mac_tx_data_0 exist, fail to import.
W: Debugger-4002: Core Parse: Trigger Port bus name:mac_rx_data_0 exist, fail to import.
W: Debugger-4002: Core Parse: Trigger Port bus name:u_udp/crc_data exist, fail to import.
W: Debugger-4002: Core Parse: Bus name:mac_tx_data_0 exist, fail to import.
W: Debugger-4002: Core Parse: Bus name:mac_rx_data_0 exist, fail to import.
W: Debugger-4002: Core Parse: Bus name:u_udp/crc_data exist, fail to import.
Import Core: 0 OK
W: Debugger-4002: Core Parse: Trigger Port bus name:mac_tx_data_0 exist, fail to import.
W: Debugger-4002: Core Parse: Trigger Port bus name:mac_rx_data_0 exist, fail to import.
W: Debugger-4002: Core Parse: Trigger Port bus name:u_udp/crc_data exist, fail to import.
W: Debugger-4002: Core Parse: Bus name:mac_tx_data_0 exist, fail to import.
W: Debugger-4002: Core Parse: Bus name:mac_rx_data_0 exist, fail to import.
W: Debugger-4002: Core Parse: Bus name:u_udp/crc_data exist, fail to import.
Import Core: 0 OK
W: Debugger-4002: Core Parse: Trigger Port bus name:mac_tx_data_0 exist, fail to import.
W: Debugger-4002: Core Parse: Trigger Port bus name:mac_rx_data_0 exist, fail to import.
W: Debugger-4002: Core Parse: Trigger Port bus name:u_udp/crc_data exist, fail to import.
W: Debugger-4002: Core Parse: Bus name:mac_tx_data_0 exist, fail to import.
W: Debugger-4002: Core Parse: Bus name:mac_rx_data_0 exist, fail to import.
W: Debugger-4002: Core Parse: Bus name:u_udp/crc_data exist, fail to import.
Import Core: 0 OK
W: Debugger-4002: Core Parse: Trigger Port bus name:mac_tx_data_0 exist, fail to import.
W: Debugger-4002: Core Parse: Trigger Port bus name:mac_rx_data_0 exist, fail to import.
W: Debugger-4002: Core Parse: Trigger Port bus name:u_udp/crc_data exist, fail to import.
W: Debugger-4002: Core Parse: Bus name:mac_tx_data_0 exist, fail to import.
W: Debugger-4002: Core Parse: Bus name:mac_rx_data_0 exist, fail to import.
W: Debugger-4002: Core Parse: Bus name:u_udp/crc_data exist, fail to import.
Import Core: 0 OK
W: CdtCommon-4003: No response from the server in 60 secs, please check the connection with server
W: Debugger-4002: Core Parse: Trigger Port bus name:mac_tx_data_0 exist, fail to import.
W: Debugger-4002: Core Parse: Trigger Port bus name:mac_rx_data_0 exist, fail to import.
W: Debugger-4002: Core Parse: Trigger Port bus name:u_udp/crc_data exist, fail to import.
W: Debugger-4002: Core Parse: Bus name:mac_tx_data_0 exist, fail to import.
W: Debugger-4002: Core Parse: Bus name:mac_rx_data_0 exist, fail to import.
W: Debugger-4002: Core Parse: Bus name:u_udp/crc_data exist, fail to import.
Import Core: 0 OK
W: Debugger-4002: Core Parse: Trigger Port bus name:mac_tx_data_0 exist, fail to import.
W: Debugger-4002: Core Parse: Trigger Port bus name:mac_rx_data_0 exist, fail to import.
W: Debugger-4002: Core Parse: Trigger Port bus name:u_udp/crc_data exist, fail to import.
W: Debugger-4002: Core Parse: Bus name:mac_tx_data_0 exist, fail to import.
W: Debugger-4002: Core Parse: Bus name:mac_rx_data_0 exist, fail to import.
W: Debugger-4002: Core Parse: Bus name:u_udp/crc_data exist, fail to import.
Import Core: 0 OK
W: Debugger-4002: Core Parse: Trigger Port bus name:mac_tx_data_0 exist, fail to import.
W: Debugger-4002: Core Parse: Trigger Port bus name:mac_rx_data_0 exist, fail to import.
W: Debugger-4002: Core Parse: Trigger Port bus name:u_udp/crc_data exist, fail to import.
W: Debugger-4002: Core Parse: Bus name:mac_tx_data_0 exist, fail to import.
W: Debugger-4002: Core Parse: Bus name:mac_rx_data_0 exist, fail to import.
W: Debugger-4002: Core Parse: Bus name:u_udp/crc_data exist, fail to import.
Import Core: 0 OK
W: Debugger-4002: Core Parse: Trigger Port bus name:mac_tx_data_0 exist, fail to import.
W: Debugger-4002: Core Parse: Trigger Port bus name:mac_rx_data_0 exist, fail to import.
W: Debugger-4002: Core Parse: Trigger Port bus name:u_udp/crc_data exist, fail to import.
W: Debugger-4002: Core Parse: Bus name:mac_tx_data_0 exist, fail to import.
W: Debugger-4002: Core Parse: Bus name:mac_rx_data_0 exist, fail to import.
W: Debugger-4002: Core Parse: Bus name:u_udp/crc_data exist, fail to import.
Import Core: 0 OK
W: Debugger-4002: Core Parse: Trigger Port bus name:mac_tx_data_0 exist, fail to import.
W: Debugger-4002: Core Parse: Trigger Port bus name:mac_rx_data_0 exist, fail to import.
W: Debugger-4002: Core Parse: Trigger Port bus name:u_udp/crc_data exist, fail to import.
W: Debugger-4002: Core Parse: Bus name:mac_tx_data_0 exist, fail to import.
W: Debugger-4002: Core Parse: Bus name:mac_rx_data_0 exist, fail to import.
W: Debugger-4002: Core Parse: Bus name:u_udp/crc_data exist, fail to import.
Import Core: 0 OK
W: Debugger-4002: Core Parse: Trigger Port bus name:mac_tx_data_0 exist, fail to import.
W: Debugger-4002: Core Parse: Trigger Port bus name:mac_rx_data_0 exist, fail to import.
W: Debugger-4002: Core Parse: Trigger Port bus name:u_udp/crc_data exist, fail to import.
W: Debugger-4002: Core Parse: Bus name:mac_tx_data_0 exist, fail to import.
W: Debugger-4002: Core Parse: Bus name:mac_rx_data_0 exist, fail to import.
W: Debugger-4002: Core Parse: Bus name:u_udp/crc_data exist, fail to import.
Import Core: 0 OK
W: Debugger-4002: Core Parse: Trigger Port bus name:mac_tx_data_0 exist, fail to import.
W: Debugger-4002: Core Parse: Trigger Port bus name:mac_rx_data_0 exist, fail to import.
W: Debugger-4002: Core Parse: Trigger Port bus name:u_udp/crc_data exist, fail to import.
W: Debugger-4002: Core Parse: Bus name:mac_tx_data_0 exist, fail to import.
W: Debugger-4002: Core Parse: Bus name:mac_rx_data_0 exist, fail to import.
W: Debugger-4002: Core Parse: Bus name:u_udp/crc_data exist, fail to import.
Import Core: 0 OK
W: Debugger-4002: Core Parse: Trigger Port bus name:mac_tx_data_0 exist, fail to import.
W: Debugger-4002: Core Parse: Trigger Port bus name:mac_rx_data_0 exist, fail to import.
W: Debugger-4002: Core Parse: Trigger Port bus name:u_udp/crc_data exist, fail to import.
W: Debugger-4002: Core Parse: Bus name:mac_tx_data_0 exist, fail to import.
W: Debugger-4002: Core Parse: Bus name:mac_rx_data_0 exist, fail to import.
W: Debugger-4002: Core Parse: Bus name:u_udp/crc_data exist, fail to import.
Import Core: 0 OK
W: Debugger-4002: Core Parse: Trigger Port bus name:mac_tx_data_0 exist, fail to import.
W: Debugger-4002: Core Parse: Trigger Port bus name:mac_rx_data_0 exist, fail to import.
W: Debugger-4002: Core Parse: Trigger Port bus name:u_udp/crc_data exist, fail to import.
W: Debugger-4002: Core Parse: Bus name:mac_tx_data_0 exist, fail to import.
W: Debugger-4002: Core Parse: Bus name:mac_rx_data_0 exist, fail to import.
W: Debugger-4002: Core Parse: Bus name:u_udp/crc_data exist, fail to import.
Import Core: 0 OK
