#Build: Fabric Compiler 2022.2-SP6.4, Build 146967, Jan 31 01:39 2024
#Install: D:\ZGTC\pango\PDS_2022.2-SP6.4\bin
#Application name: pds_shell.exe
#OS: Windows 10 10.0.26200
#Hostname: LAPTOP-F5RA6Q1A
Generated by Fabric Compiler (version 2022.2-SP6.4 build 146967) at Tue Apr 28 02:48:59 2026
Compiling verification operator library.
Compiling common defs.
Compiling prim grid devices.
Compiling gate devices.
Compiling gate operators.
Building architecture model.
Loading device packaging model.
Reading design from DB.
Start Generating Programming File...
Reading design from DB takes 2.281250 sec.
Generating architecture configuration.
The bitstream file is "D:/ZGTC/Work/ccc/generate_bitstream/hdmi_ddr_ov5640_top.sbit"
Generate programming file takes 15.687500 sec.
Generating Programming File done.
Action gen_bit_stream: Real time elapsed is 0h:0m:27s
Action gen_bit_stream: CPU time elapsed is 0h:0m:25s
Action gen_bit_stream: Process CPU time elapsed is 0h:0m:25s
Current time: Tue Apr 28 02:49:24 2026
Action gen_bit_stream: Peak memory pool usage is 1,347 MB
