#Build: Fabric Compiler 2022.2-SP6.4, Build 146967, Jan 31 01:39 2024
#Install: D:\ZGTC\pango\PDS_2022.2-SP6.4\bin
#Application name: pds_shell.exe
#OS: Windows 10 10.0.26200
#Hostname: LAPTOP-F5RA6Q1A
Generated by Fabric Compiler (version 2022.2-SP6.4 build 146967) at Mon Apr 27 18:23:04 2026
Compiling verification operator library.
Compiling common defs.
Compiling prim grid devices.
Compiling gate devices.
Compiling gate operators.
Building architecture model.
Loading device packaging model.
pnr strategy configuration : 
strategy name : 0
Building architecture floorplan logic view.
Constraint check start.
Executing : def_port {cmos1_scl} LOC=W21 VCCIO=3.3 IOSTANDARD=LVCMOS33 DRIVE=4 SLEW=FAST NONE=TRUE
Executing : def_port {cmos1_scl} LOC=W21 VCCIO=3.3 IOSTANDARD=LVCMOS33 DRIVE=4 SLEW=FAST NONE=TRUE successfully
Executing : def_port {cmos1_sda} LOC=U14 VCCIO=3.3 IOSTANDARD=LVCMOS33 DRIVE=4 SLEW=FAST NONE=TRUE
Executing : def_port {cmos1_sda} LOC=U14 VCCIO=3.3 IOSTANDARD=LVCMOS33 DRIVE=4 SLEW=FAST NONE=TRUE successfully
Executing : def_port {cmos2_scl} LOC=W19 VCCIO=3.3 IOSTANDARD=LVCMOS33 DRIVE=4 SLEW=FAST NONE=TRUE
Executing : def_port {cmos2_scl} LOC=W19 VCCIO=3.3 IOSTANDARD=LVCMOS33 DRIVE=4 SLEW=FAST NONE=TRUE successfully
Executing : def_port {cmos2_sda} LOC=V16 VCCIO=3.3 IOSTANDARD=LVCMOS33 DRIVE=4 SLEW=FAST NONE=TRUE
Executing : def_port {cmos2_sda} LOC=V16 VCCIO=3.3 IOSTANDARD=LVCMOS33 DRIVE=4 SLEW=FAST NONE=TRUE successfully
Executing : def_port {iic_tx_sda} LOC=K23 VCCIO=3.3 IOSTANDARD=LVCMOS33 DRIVE=4 SLEW=FAST NONE=TRUE
C: ConstraintEditor-2002: [D:/ZGTC/Work/ccc/device_map/hdmi_ddr_ov5640_top.pcf(line number: 7)] | Port iic_tx_sda has been placed at location K23, whose type is share pin.
Executing : def_port {iic_tx_sda} LOC=K23 VCCIO=3.3 IOSTANDARD=LVCMOS33 DRIVE=4 SLEW=FAST NONE=TRUE successfully
Executing : def_port {mem_dq[0]} LOC=G5 VCCIO=1.5 IOSTANDARD=HSTL15_I DRIVE=8 SLEW=SLOW NONE=TRUE
Executing : def_port {mem_dq[0]} LOC=G5 VCCIO=1.5 IOSTANDARD=HSTL15_I DRIVE=8 SLEW=SLOW NONE=TRUE successfully
Executing : def_port {mem_dq[1]} LOC=J6 VCCIO=1.5 IOSTANDARD=HSTL15_I DRIVE=8 SLEW=SLOW NONE=TRUE
C: ConstraintEditor-2002: [D:/ZGTC/Work/ccc/device_map/hdmi_ddr_ov5640_top.pcf(line number: 9)] | Port mem_dq[1] has been placed at location J6, whose type is share pin.
Executing : def_port {mem_dq[1]} LOC=J6 VCCIO=1.5 IOSTANDARD=HSTL15_I DRIVE=8 SLEW=SLOW NONE=TRUE successfully
Executing : def_port {mem_dq[2]} LOC=F5 VCCIO=1.5 IOSTANDARD=HSTL15_I DRIVE=8 SLEW=SLOW NONE=TRUE
Executing : def_port {mem_dq[2]} LOC=F5 VCCIO=1.5 IOSTANDARD=HSTL15_I DRIVE=8 SLEW=SLOW NONE=TRUE successfully
Executing : def_port {mem_dq[3]} LOC=L8 VCCIO=1.5 IOSTANDARD=HSTL15_I DRIVE=8 SLEW=SLOW NONE=TRUE
C: ConstraintEditor-2002: [D:/ZGTC/Work/ccc/device_map/hdmi_ddr_ov5640_top.pcf(line number: 11)] | Port mem_dq[3] has been placed at location L8, whose type is share pin.
Executing : def_port {mem_dq[3]} LOC=L8 VCCIO=1.5 IOSTANDARD=HSTL15_I DRIVE=8 SLEW=SLOW NONE=TRUE successfully
Executing : def_port {mem_dq[4]} LOC=G4 VCCIO=1.5 IOSTANDARD=HSTL15_I DRIVE=8 SLEW=SLOW NONE=TRUE
Executing : def_port {mem_dq[4]} LOC=G4 VCCIO=1.5 IOSTANDARD=HSTL15_I DRIVE=8 SLEW=SLOW NONE=TRUE successfully
Executing : def_port {mem_dq[5]} LOC=K7 VCCIO=1.5 IOSTANDARD=HSTL15_I DRIVE=8 SLEW=SLOW NONE=TRUE
C: ConstraintEditor-2002: [D:/ZGTC/Work/ccc/device_map/hdmi_ddr_ov5640_top.pcf(line number: 13)] | Port mem_dq[5] has been placed at location K7, whose type is share pin.
Executing : def_port {mem_dq[5]} LOC=K7 VCCIO=1.5 IOSTANDARD=HSTL15_I DRIVE=8 SLEW=SLOW NONE=TRUE successfully
Executing : def_port {mem_dq[6]} LOC=F4 VCCIO=1.5 IOSTANDARD=HSTL15_I DRIVE=8 SLEW=SLOW NONE=TRUE
Executing : def_port {mem_dq[6]} LOC=F4 VCCIO=1.5 IOSTANDARD=HSTL15_I DRIVE=8 SLEW=SLOW NONE=TRUE successfully
Executing : def_port {mem_dq[7]} LOC=J5 VCCIO=1.5 IOSTANDARD=HSTL15_I DRIVE=8 SLEW=SLOW NONE=TRUE
C: ConstraintEditor-2002: [D:/ZGTC/Work/ccc/device_map/hdmi_ddr_ov5640_top.pcf(line number: 15)] | Port mem_dq[7] has been placed at location J5, whose type is share pin.
Executing : def_port {mem_dq[7]} LOC=J5 VCCIO=1.5 IOSTANDARD=HSTL15_I DRIVE=8 SLEW=SLOW NONE=TRUE successfully
Executing : def_port {mem_dq[8]} LOC=H6 VCCIO=1.5 IOSTANDARD=HSTL15_I DRIVE=8 SLEW=SLOW NONE=TRUE
C: ConstraintEditor-2002: [D:/ZGTC/Work/ccc/device_map/hdmi_ddr_ov5640_top.pcf(line number: 16)] | Port mem_dq[8] has been placed at location H6, whose type is share pin.
Executing : def_port {mem_dq[8]} LOC=H6 VCCIO=1.5 IOSTANDARD=HSTL15_I DRIVE=8 SLEW=SLOW NONE=TRUE successfully
Executing : def_port {mem_dq[9]} LOC=F8 VCCIO=1.5 IOSTANDARD=HSTL15_I DRIVE=8 SLEW=SLOW NONE=TRUE
Executing : def_port {mem_dq[9]} LOC=F8 VCCIO=1.5 IOSTANDARD=HSTL15_I DRIVE=8 SLEW=SLOW NONE=TRUE successfully
Executing : def_port {mem_dq[10]} LOC=H8 VCCIO=1.5 IOSTANDARD=HSTL15_I DRIVE=8 SLEW=SLOW NONE=TRUE
C: ConstraintEditor-2002: [D:/ZGTC/Work/ccc/device_map/hdmi_ddr_ov5640_top.pcf(line number: 18)] | Port mem_dq[10] has been placed at location H8, whose type is share pin.
Executing : def_port {mem_dq[10]} LOC=H8 VCCIO=1.5 IOSTANDARD=HSTL15_I DRIVE=8 SLEW=SLOW NONE=TRUE successfully
Executing : def_port {mem_dq[11]} LOC=D6 VCCIO=1.5 IOSTANDARD=HSTL15_I DRIVE=8 SLEW=SLOW NONE=TRUE
C: ConstraintEditor-2002: [D:/ZGTC/Work/ccc/device_map/hdmi_ddr_ov5640_top.pcf(line number: 19)] | Port mem_dq[11] has been placed at location D6, whose type is share pin.
Executing : def_port {mem_dq[11]} LOC=D6 VCCIO=1.5 IOSTANDARD=HSTL15_I DRIVE=8 SLEW=SLOW NONE=TRUE successfully
Executing : def_port {mem_dq[12]} LOC=G8 VCCIO=1.5 IOSTANDARD=HSTL15_I DRIVE=8 SLEW=SLOW NONE=TRUE
C: ConstraintEditor-2002: [D:/ZGTC/Work/ccc/device_map/hdmi_ddr_ov5640_top.pcf(line number: 20)] | Port mem_dq[12] has been placed at location G8, whose type is share pin.
Executing : def_port {mem_dq[12]} LOC=G8 VCCIO=1.5 IOSTANDARD=HSTL15_I DRIVE=8 SLEW=SLOW NONE=TRUE successfully
Executing : def_port {mem_dq[13]} LOC=E6 VCCIO=1.5 IOSTANDARD=HSTL15_I DRIVE=8 SLEW=SLOW NONE=TRUE
C: ConstraintEditor-2002: [D:/ZGTC/Work/ccc/device_map/hdmi_ddr_ov5640_top.pcf(line number: 21)] | Port mem_dq[13] has been placed at location E6, whose type is share pin.
Executing : def_port {mem_dq[13]} LOC=E6 VCCIO=1.5 IOSTANDARD=HSTL15_I DRIVE=8 SLEW=SLOW NONE=TRUE successfully
Executing : def_port {mem_dq[14]} LOC=H9 VCCIO=1.5 IOSTANDARD=HSTL15_I DRIVE=8 SLEW=SLOW NONE=TRUE
Executing : def_port {mem_dq[14]} LOC=H9 VCCIO=1.5 IOSTANDARD=HSTL15_I DRIVE=8 SLEW=SLOW NONE=TRUE successfully
Executing : def_port {mem_dq[15]} LOC=G6 VCCIO=1.5 IOSTANDARD=HSTL15_I DRIVE=8 SLEW=SLOW NONE=TRUE
C: ConstraintEditor-2002: [D:/ZGTC/Work/ccc/device_map/hdmi_ddr_ov5640_top.pcf(line number: 23)] | Port mem_dq[15] has been placed at location G6, whose type is share pin.
Executing : def_port {mem_dq[15]} LOC=G6 VCCIO=1.5 IOSTANDARD=HSTL15_I DRIVE=8 SLEW=SLOW NONE=TRUE successfully
Executing : def_port {mem_dq[16]} LOC=C4 VCCIO=1.5 IOSTANDARD=HSTL15_I DRIVE=8 SLEW=SLOW NONE=TRUE
Executing : def_port {mem_dq[16]} LOC=C4 VCCIO=1.5 IOSTANDARD=HSTL15_I DRIVE=8 SLEW=SLOW NONE=TRUE successfully
Executing : def_port {mem_dq[17]} LOC=D4 VCCIO=1.5 IOSTANDARD=HSTL15_I DRIVE=8 SLEW=SLOW NONE=TRUE
Executing : def_port {mem_dq[17]} LOC=D4 VCCIO=1.5 IOSTANDARD=HSTL15_I DRIVE=8 SLEW=SLOW NONE=TRUE successfully
Executing : def_port {mem_dq[18]} LOC=A4 VCCIO=1.5 IOSTANDARD=HSTL15_I DRIVE=8 SLEW=SLOW NONE=TRUE
Executing : def_port {mem_dq[18]} LOC=A4 VCCIO=1.5 IOSTANDARD=HSTL15_I DRIVE=8 SLEW=SLOW NONE=TRUE successfully
Executing : def_port {mem_dq[19]} LOC=E3 VCCIO=1.5 IOSTANDARD=HSTL15_I DRIVE=8 SLEW=SLOW NONE=TRUE
Executing : def_port {mem_dq[19]} LOC=E3 VCCIO=1.5 IOSTANDARD=HSTL15_I DRIVE=8 SLEW=SLOW NONE=TRUE successfully
Executing : def_port {mem_dq[20]} LOC=C3 VCCIO=1.5 IOSTANDARD=HSTL15_I DRIVE=8 SLEW=SLOW NONE=TRUE
Executing : def_port {mem_dq[20]} LOC=C3 VCCIO=1.5 IOSTANDARD=HSTL15_I DRIVE=8 SLEW=SLOW NONE=TRUE successfully
Executing : def_port {mem_dq[21]} LOC=F3 VCCIO=1.5 IOSTANDARD=HSTL15_I DRIVE=8 SLEW=SLOW NONE=TRUE
Executing : def_port {mem_dq[21]} LOC=F3 VCCIO=1.5 IOSTANDARD=HSTL15_I DRIVE=8 SLEW=SLOW NONE=TRUE successfully
Executing : def_port {mem_dq[22]} LOC=B4 VCCIO=1.5 IOSTANDARD=HSTL15_I DRIVE=8 SLEW=SLOW NONE=TRUE
Executing : def_port {mem_dq[22]} LOC=B4 VCCIO=1.5 IOSTANDARD=HSTL15_I DRIVE=8 SLEW=SLOW NONE=TRUE successfully
Executing : def_port {mem_dq[23]} LOC=D3 VCCIO=1.5 IOSTANDARD=HSTL15_I DRIVE=8 SLEW=SLOW NONE=TRUE
Executing : def_port {mem_dq[23]} LOC=D3 VCCIO=1.5 IOSTANDARD=HSTL15_I DRIVE=8 SLEW=SLOW NONE=TRUE successfully
Executing : def_port {mem_dq[24]} LOC=F2 VCCIO=1.5 IOSTANDARD=HSTL15_I DRIVE=8 SLEW=SLOW NONE=TRUE
Executing : def_port {mem_dq[24]} LOC=F2 VCCIO=1.5 IOSTANDARD=HSTL15_I DRIVE=8 SLEW=SLOW NONE=TRUE successfully
Executing : def_port {mem_dq[25]} LOC=D1 VCCIO=1.5 IOSTANDARD=HSTL15_I DRIVE=8 SLEW=SLOW NONE=TRUE
Executing : def_port {mem_dq[25]} LOC=D1 VCCIO=1.5 IOSTANDARD=HSTL15_I DRIVE=8 SLEW=SLOW NONE=TRUE successfully
Executing : def_port {mem_dq[26]} LOC=G1 VCCIO=1.5 IOSTANDARD=HSTL15_I DRIVE=8 SLEW=SLOW NONE=TRUE
Executing : def_port {mem_dq[26]} LOC=G1 VCCIO=1.5 IOSTANDARD=HSTL15_I DRIVE=8 SLEW=SLOW NONE=TRUE successfully
Executing : def_port {mem_dq[27]} LOC=A2 VCCIO=1.5 IOSTANDARD=HSTL15_I DRIVE=8 SLEW=SLOW NONE=TRUE
Executing : def_port {mem_dq[27]} LOC=A2 VCCIO=1.5 IOSTANDARD=HSTL15_I DRIVE=8 SLEW=SLOW NONE=TRUE successfully
Executing : def_port {mem_dq[28]} LOC=E1 VCCIO=1.5 IOSTANDARD=HSTL15_I DRIVE=8 SLEW=SLOW NONE=TRUE
Executing : def_port {mem_dq[28]} LOC=E1 VCCIO=1.5 IOSTANDARD=HSTL15_I DRIVE=8 SLEW=SLOW NONE=TRUE successfully
Executing : def_port {mem_dq[29]} LOC=A3 VCCIO=1.5 IOSTANDARD=HSTL15_I DRIVE=8 SLEW=SLOW NONE=TRUE
Executing : def_port {mem_dq[29]} LOC=A3 VCCIO=1.5 IOSTANDARD=HSTL15_I DRIVE=8 SLEW=SLOW NONE=TRUE successfully
Executing : def_port {mem_dq[30]} LOC=G2 VCCIO=1.5 IOSTANDARD=HSTL15_I DRIVE=8 SLEW=SLOW NONE=TRUE
Executing : def_port {mem_dq[30]} LOC=G2 VCCIO=1.5 IOSTANDARD=HSTL15_I DRIVE=8 SLEW=SLOW NONE=TRUE successfully
Executing : def_port {mem_dq[31]} LOC=C2 VCCIO=1.5 IOSTANDARD=HSTL15_I DRIVE=8 SLEW=SLOW NONE=TRUE
Executing : def_port {mem_dq[31]} LOC=C2 VCCIO=1.5 IOSTANDARD=HSTL15_I DRIVE=8 SLEW=SLOW NONE=TRUE successfully
Executing : def_port {mem_dqs[0]} LOC=J4 VCCIO=1.5 IOSTANDARD=HSTL15D_I DRIVE=8 SLEW=SLOW NONE=TRUE
C: ConstraintEditor-2002: [D:/ZGTC/Work/ccc/device_map/hdmi_ddr_ov5640_top.pcf(line number: 40)] | Port mem_dqs[0] has been placed at location J4, whose type is share pin.
Executing : def_port {mem_dqs[0]} LOC=J4 VCCIO=1.5 IOSTANDARD=HSTL15D_I DRIVE=8 SLEW=SLOW NONE=TRUE successfully
Executing : def_port {mem_dqs[1]} LOC=H7 VCCIO=1.5 IOSTANDARD=HSTL15D_I DRIVE=8 SLEW=SLOW NONE=TRUE
C: ConstraintEditor-2002: [D:/ZGTC/Work/ccc/device_map/hdmi_ddr_ov5640_top.pcf(line number: 41)] | Port mem_dqs[1] has been placed at location H7, whose type is share pin.
Executing : def_port {mem_dqs[1]} LOC=H7 VCCIO=1.5 IOSTANDARD=HSTL15D_I DRIVE=8 SLEW=SLOW NONE=TRUE successfully
Executing : def_port {mem_dqs[2]} LOC=B5 VCCIO=1.5 IOSTANDARD=HSTL15D_I DRIVE=8 SLEW=SLOW NONE=TRUE
Executing : def_port {mem_dqs[2]} LOC=B5 VCCIO=1.5 IOSTANDARD=HSTL15D_I DRIVE=8 SLEW=SLOW NONE=TRUE successfully
Executing : def_port {mem_dqs[3]} LOC=C1 VCCIO=1.5 IOSTANDARD=HSTL15D_I DRIVE=8 SLEW=SLOW NONE=TRUE
Executing : def_port {mem_dqs[3]} LOC=C1 VCCIO=1.5 IOSTANDARD=HSTL15D_I DRIVE=8 SLEW=SLOW NONE=TRUE successfully
Executing : def_port {mem_dqs_n[0]} LOC=H4 VCCIO=1.5 IOSTANDARD=HSTL15D_I DRIVE=8 SLEW=SLOW NONE=TRUE
C: ConstraintEditor-2002: [D:/ZGTC/Work/ccc/device_map/hdmi_ddr_ov5640_top.pcf(line number: 44)] | Port mem_dqs_n[0] has been placed at location H4, whose type is share pin.
Executing : def_port {mem_dqs_n[0]} LOC=H4 VCCIO=1.5 IOSTANDARD=HSTL15D_I DRIVE=8 SLEW=SLOW NONE=TRUE successfully
Executing : def_port {mem_dqs_n[1]} LOC=G7 VCCIO=1.5 IOSTANDARD=HSTL15D_I DRIVE=8 SLEW=SLOW NONE=TRUE
C: ConstraintEditor-2002: [D:/ZGTC/Work/ccc/device_map/hdmi_ddr_ov5640_top.pcf(line number: 45)] | Port mem_dqs_n[1] has been placed at location G7, whose type is share pin.
Executing : def_port {mem_dqs_n[1]} LOC=G7 VCCIO=1.5 IOSTANDARD=HSTL15D_I DRIVE=8 SLEW=SLOW NONE=TRUE successfully
Executing : def_port {mem_dqs_n[2]} LOC=A5 VCCIO=1.5 IOSTANDARD=HSTL15D_I DRIVE=8 SLEW=SLOW NONE=TRUE
Executing : def_port {mem_dqs_n[2]} LOC=A5 VCCIO=1.5 IOSTANDARD=HSTL15D_I DRIVE=8 SLEW=SLOW NONE=TRUE successfully
Executing : def_port {mem_dqs_n[3]} LOC=B1 VCCIO=1.5 IOSTANDARD=HSTL15D_I DRIVE=8 SLEW=SLOW NONE=TRUE
Executing : def_port {mem_dqs_n[3]} LOC=B1 VCCIO=1.5 IOSTANDARD=HSTL15D_I DRIVE=8 SLEW=SLOW NONE=TRUE successfully
Executing : def_port {ETH_led} LOC=B17 VCCIO=3.3 IOSTANDARD=LVCMOS33 DRIVE=4 SLEW=FAST NONE=TRUE
Executing : def_port {ETH_led} LOC=B17 VCCIO=3.3 IOSTANDARD=LVCMOS33 DRIVE=4 SLEW=FAST NONE=TRUE successfully
Executing : def_port {cmos1_reset} LOC=T20 VCCIO=3.3 IOSTANDARD=LVCMOS33 DRIVE=4 SLEW=FAST NONE=TRUE
Executing : def_port {cmos1_reset} LOC=T20 VCCIO=3.3 IOSTANDARD=LVCMOS33 DRIVE=4 SLEW=FAST NONE=TRUE successfully
Executing : def_port {cmos2_reset} LOC=Y20 VCCIO=3.3 IOSTANDARD=LVCMOS33 DRIVE=4 SLEW=FAST NONE=TRUE
Executing : def_port {cmos2_reset} LOC=Y20 VCCIO=3.3 IOSTANDARD=LVCMOS33 DRIVE=4 SLEW=FAST NONE=TRUE successfully
Executing : def_port {cmos_init_done[0]} LOC=A17 VCCIO=3.3 IOSTANDARD=LVCMOS33 DRIVE=4 SLEW=FAST NONE=TRUE
Executing : def_port {cmos_init_done[0]} LOC=A17 VCCIO=3.3 IOSTANDARD=LVCMOS33 DRIVE=4 SLEW=FAST NONE=TRUE successfully
Executing : def_port {cmos_init_done[1]} LOC=E18 VCCIO=3.3 IOSTANDARD=LVCMOS33 DRIVE=4 SLEW=FAST NONE=TRUE
Executing : def_port {cmos_init_done[1]} LOC=E18 VCCIO=3.3 IOSTANDARD=LVCMOS33 DRIVE=4 SLEW=FAST NONE=TRUE successfully
Executing : def_port {ddr_init_done} LOC=C18 VCCIO=3.3 IOSTANDARD=LVCMOS33 DRIVE=8 SLEW=FAST PULLUP=TRUE
Executing : def_port {ddr_init_done} LOC=C18 VCCIO=3.3 IOSTANDARD=LVCMOS33 DRIVE=8 SLEW=FAST PULLUP=TRUE successfully
Executing : def_port {fram0_done} LOC=K18 VCCIO=3.3 IOSTANDARD=LVCMOS33 DRIVE=8 SLEW=FAST NONE=TRUE
Executing : def_port {fram0_done} LOC=K18 VCCIO=3.3 IOSTANDARD=LVCMOS33 DRIVE=8 SLEW=FAST NONE=TRUE successfully
Executing : def_port {fram1_done} LOC=L19 VCCIO=3.3 IOSTANDARD=LVCMOS33 DRIVE=8 SLEW=FAST NONE=TRUE
Executing : def_port {fram1_done} LOC=L19 VCCIO=3.3 IOSTANDARD=LVCMOS33 DRIVE=8 SLEW=FAST NONE=TRUE successfully
Executing : def_port {fram2_done} LOC=U17 VCCIO=3.3 IOSTANDARD=LVCMOS33 DRIVE=8 SLEW=FAST NONE=TRUE
Executing : def_port {fram2_done} LOC=U17 VCCIO=3.3 IOSTANDARD=LVCMOS33 DRIVE=8 SLEW=FAST NONE=TRUE successfully
Executing : def_port {fram3_done} LOC=U24 VCCIO=3.3 IOSTANDARD=LVCMOS33 DRIVE=8 SLEW=FAST NONE=TRUE
Executing : def_port {fram3_done} LOC=U24 VCCIO=3.3 IOSTANDARD=LVCMOS33 DRIVE=8 SLEW=FAST NONE=TRUE successfully
Executing : def_port {hdmi_int_led} LOC=C19 VCCIO=3.3 IOSTANDARD=LVCMOS33 DRIVE=4 SLEW=FAST NONE=TRUE
Executing : def_port {hdmi_int_led} LOC=C19 VCCIO=3.3 IOSTANDARD=LVCMOS33 DRIVE=4 SLEW=FAST NONE=TRUE successfully
Executing : def_port {hdmi_rst} LOC=G25 VCCIO=3.3 IOSTANDARD=LVCMOS33 DRIVE=8 SLEW=FAST NONE=TRUE
C: ConstraintEditor-2002: [D:/ZGTC/Work/ccc/device_map/hdmi_ddr_ov5640_top.pcf(line number: 59)] | Port hdmi_rst has been placed at location G25, whose type is share pin.
Executing : def_port {hdmi_rst} LOC=G25 VCCIO=3.3 IOSTANDARD=LVCMOS33 DRIVE=8 SLEW=FAST NONE=TRUE successfully
Executing : def_port {heart_beat_led} LOC=A20 VCCIO=3.3 IOSTANDARD=LVCMOS33 DRIVE=8 SLEW=FAST PULLUP=TRUE
Executing : def_port {heart_beat_led} LOC=A20 VCCIO=3.3 IOSTANDARD=LVCMOS33 DRIVE=8 SLEW=FAST PULLUP=TRUE successfully
Executing : def_port {iic_tx_scl} LOC=K22 VCCIO=3.3 IOSTANDARD=LVCMOS33 DRIVE=4 SLEW=FAST NONE=TRUE
C: ConstraintEditor-2002: [D:/ZGTC/Work/ccc/device_map/hdmi_ddr_ov5640_top.pcf(line number: 61)] | Port iic_tx_scl has been placed at location K22, whose type is share pin.
Executing : def_port {iic_tx_scl} LOC=K22 VCCIO=3.3 IOSTANDARD=LVCMOS33 DRIVE=4 SLEW=FAST NONE=TRUE successfully
Executing : def_port {led_test} LOC=A18 VCCIO=3.3 IOSTANDARD=LVCMOS33 DRIVE=8 SLEW=FAST NONE=TRUE
Executing : def_port {led_test} LOC=A18 VCCIO=3.3 IOSTANDARD=LVCMOS33 DRIVE=8 SLEW=FAST NONE=TRUE successfully
Executing : def_port {mem_a[0]} LOC=J1 VCCIO=1.5 IOSTANDARD=HSTL15_I DRIVE=8 SLEW=SLOW NONE=TRUE
Executing : def_port {mem_a[0]} LOC=J1 VCCIO=1.5 IOSTANDARD=HSTL15_I DRIVE=8 SLEW=SLOW NONE=TRUE successfully
Executing : def_port {mem_a[1]} LOC=L3 VCCIO=1.5 IOSTANDARD=HSTL15_I DRIVE=8 SLEW=SLOW NONE=TRUE
Executing : def_port {mem_a[1]} LOC=L3 VCCIO=1.5 IOSTANDARD=HSTL15_I DRIVE=8 SLEW=SLOW NONE=TRUE successfully
Executing : def_port {mem_a[2]} LOC=L2 VCCIO=1.5 IOSTANDARD=HSTL15_I DRIVE=8 SLEW=SLOW NONE=TRUE
Executing : def_port {mem_a[2]} LOC=L2 VCCIO=1.5 IOSTANDARD=HSTL15_I DRIVE=8 SLEW=SLOW NONE=TRUE successfully
Executing : def_port {mem_a[3]} LOC=P3 VCCIO=1.5 IOSTANDARD=HSTL15_I DRIVE=8 SLEW=SLOW NONE=TRUE
Executing : def_port {mem_a[3]} LOC=P3 VCCIO=1.5 IOSTANDARD=HSTL15_I DRIVE=8 SLEW=SLOW NONE=TRUE successfully
Executing : def_port {mem_a[4]} LOC=T2 VCCIO=1.5 IOSTANDARD=HSTL15_I DRIVE=8 SLEW=SLOW NONE=TRUE
Executing : def_port {mem_a[4]} LOC=T2 VCCIO=1.5 IOSTANDARD=HSTL15_I DRIVE=8 SLEW=SLOW NONE=TRUE successfully
Executing : def_port {mem_a[5]} LOC=M1 VCCIO=1.5 IOSTANDARD=HSTL15_I DRIVE=8 SLEW=SLOW NONE=TRUE
Executing : def_port {mem_a[5]} LOC=M1 VCCIO=1.5 IOSTANDARD=HSTL15_I DRIVE=8 SLEW=SLOW NONE=TRUE successfully
Executing : def_port {mem_a[6]} LOC=U1 VCCIO=1.5 IOSTANDARD=HSTL15_I DRIVE=8 SLEW=SLOW NONE=TRUE
Executing : def_port {mem_a[6]} LOC=U1 VCCIO=1.5 IOSTANDARD=HSTL15_I DRIVE=8 SLEW=SLOW NONE=TRUE successfully
Executing : def_port {mem_a[7]} LOC=K1 VCCIO=1.5 IOSTANDARD=HSTL15_I DRIVE=8 SLEW=SLOW NONE=TRUE
Executing : def_port {mem_a[7]} LOC=K1 VCCIO=1.5 IOSTANDARD=HSTL15_I DRIVE=8 SLEW=SLOW NONE=TRUE successfully
Executing : def_port {mem_a[8]} LOC=U2 VCCIO=1.5 IOSTANDARD=HSTL15_I DRIVE=8 SLEW=SLOW NONE=TRUE
Executing : def_port {mem_a[8]} LOC=U2 VCCIO=1.5 IOSTANDARD=HSTL15_I DRIVE=8 SLEW=SLOW NONE=TRUE successfully
Executing : def_port {mem_a[9]} LOC=K2 VCCIO=1.5 IOSTANDARD=HSTL15_I DRIVE=8 SLEW=SLOW NONE=TRUE
Executing : def_port {mem_a[9]} LOC=K2 VCCIO=1.5 IOSTANDARD=HSTL15_I DRIVE=8 SLEW=SLOW NONE=TRUE successfully
Executing : def_port {mem_a[10]} LOC=T3 VCCIO=1.5 IOSTANDARD=HSTL15_I DRIVE=8 SLEW=SLOW NONE=TRUE
Executing : def_port {mem_a[10]} LOC=T3 VCCIO=1.5 IOSTANDARD=HSTL15_I DRIVE=8 SLEW=SLOW NONE=TRUE successfully
Executing : def_port {mem_a[11]} LOC=P1 VCCIO=1.5 IOSTANDARD=HSTL15_I DRIVE=8 SLEW=SLOW NONE=TRUE
Executing : def_port {mem_a[11]} LOC=P1 VCCIO=1.5 IOSTANDARD=HSTL15_I DRIVE=8 SLEW=SLOW NONE=TRUE successfully
Executing : def_port {mem_a[12]} LOC=T4 VCCIO=1.5 IOSTANDARD=HSTL15_I DRIVE=8 SLEW=SLOW NONE=TRUE
Executing : def_port {mem_a[12]} LOC=T4 VCCIO=1.5 IOSTANDARD=HSTL15_I DRIVE=8 SLEW=SLOW NONE=TRUE successfully
Executing : def_port {mem_a[13]} LOC=M2 VCCIO=1.5 IOSTANDARD=HSTL15_I DRIVE=8 SLEW=SLOW NONE=TRUE
Executing : def_port {mem_a[13]} LOC=M2 VCCIO=1.5 IOSTANDARD=HSTL15_I DRIVE=8 SLEW=SLOW NONE=TRUE successfully
Executing : def_port {mem_a[14]} LOC=N1 VCCIO=1.5 IOSTANDARD=HSTL15_I DRIVE=8 SLEW=SLOW NONE=TRUE
Executing : def_port {mem_a[14]} LOC=N1 VCCIO=1.5 IOSTANDARD=HSTL15_I DRIVE=8 SLEW=SLOW NONE=TRUE successfully
Executing : def_port {mem_ba[0]} LOC=P4 VCCIO=1.5 IOSTANDARD=HSTL15_I DRIVE=8 SLEW=SLOW NONE=TRUE
Executing : def_port {mem_ba[0]} LOC=P4 VCCIO=1.5 IOSTANDARD=HSTL15_I DRIVE=8 SLEW=SLOW NONE=TRUE successfully
Executing : def_port {mem_ba[1]} LOC=R2 VCCIO=1.5 IOSTANDARD=HSTL15_I DRIVE=8 SLEW=SLOW NONE=TRUE
Executing : def_port {mem_ba[1]} LOC=R2 VCCIO=1.5 IOSTANDARD=HSTL15_I DRIVE=8 SLEW=SLOW NONE=TRUE successfully
Executing : def_port {mem_ba[2]} LOC=T5 VCCIO=1.5 IOSTANDARD=HSTL15_I DRIVE=8 SLEW=SLOW NONE=TRUE
Executing : def_port {mem_ba[2]} LOC=T5 VCCIO=1.5 IOSTANDARD=HSTL15_I DRIVE=8 SLEW=SLOW NONE=TRUE successfully
Executing : def_port {mem_cas_n} LOC=T7 VCCIO=1.5 IOSTANDARD=HSTL15_I DRIVE=8 SLEW=SLOW NONE=TRUE
Executing : def_port {mem_cas_n} LOC=T7 VCCIO=1.5 IOSTANDARD=HSTL15_I DRIVE=8 SLEW=SLOW NONE=TRUE successfully
Executing : def_port {mem_ck} LOC=U6 VCCIO=1.5 IOSTANDARD=HSTL15D_I DRIVE=8 SLEW=SLOW NONE=TRUE
Executing : def_port {mem_ck} LOC=U6 VCCIO=1.5 IOSTANDARD=HSTL15D_I DRIVE=8 SLEW=SLOW NONE=TRUE successfully
Executing : def_port {mem_ck_n} LOC=U5 VCCIO=1.5 IOSTANDARD=HSTL15D_I DRIVE=8 SLEW=SLOW NONE=TRUE
Executing : def_port {mem_ck_n} LOC=U5 VCCIO=1.5 IOSTANDARD=HSTL15D_I DRIVE=8 SLEW=SLOW NONE=TRUE successfully
Executing : def_port {mem_cke} LOC=R1 VCCIO=1.5 IOSTANDARD=HSTL15_I DRIVE=8 SLEW=SLOW NONE=TRUE
Executing : def_port {mem_cke} LOC=R1 VCCIO=1.5 IOSTANDARD=HSTL15_I DRIVE=8 SLEW=SLOW NONE=TRUE successfully
Executing : def_port {mem_cs_n} LOC=N4 VCCIO=1.5 IOSTANDARD=HSTL15_I DRIVE=8 SLEW=SLOW NONE=TRUE
Executing : def_port {mem_cs_n} LOC=N4 VCCIO=1.5 IOSTANDARD=HSTL15_I DRIVE=8 SLEW=SLOW NONE=TRUE successfully
Executing : def_port {mem_dm[0]} LOC=K6 VCCIO=1.5 IOSTANDARD=HSTL15_I DRIVE=8 SLEW=SLOW NONE=TRUE
C: ConstraintEditor-2002: [D:/ZGTC/Work/ccc/device_map/hdmi_ddr_ov5640_top.pcf(line number: 86)] | Port mem_dm[0] has been placed at location K6, whose type is share pin.
Executing : def_port {mem_dm[0]} LOC=K6 VCCIO=1.5 IOSTANDARD=HSTL15_I DRIVE=8 SLEW=SLOW NONE=TRUE successfully
Executing : def_port {mem_dm[1]} LOC=F7 VCCIO=1.5 IOSTANDARD=HSTL15_I DRIVE=8 SLEW=SLOW NONE=TRUE
Executing : def_port {mem_dm[1]} LOC=F7 VCCIO=1.5 IOSTANDARD=HSTL15_I DRIVE=8 SLEW=SLOW NONE=TRUE successfully
Executing : def_port {mem_dm[2]} LOC=D5 VCCIO=1.5 IOSTANDARD=HSTL15_I DRIVE=8 SLEW=SLOW NONE=TRUE
Executing : def_port {mem_dm[2]} LOC=D5 VCCIO=1.5 IOSTANDARD=HSTL15_I DRIVE=8 SLEW=SLOW NONE=TRUE successfully
Executing : def_port {mem_dm[3]} LOC=E2 VCCIO=1.5 IOSTANDARD=HSTL15_I DRIVE=8 SLEW=SLOW NONE=TRUE
Executing : def_port {mem_dm[3]} LOC=E2 VCCIO=1.5 IOSTANDARD=HSTL15_I DRIVE=8 SLEW=SLOW NONE=TRUE successfully
Executing : def_port {mem_odt} LOC=H2 VCCIO=1.5 IOSTANDARD=HSTL15_I DRIVE=8 SLEW=SLOW NONE=TRUE
Executing : def_port {mem_odt} LOC=H2 VCCIO=1.5 IOSTANDARD=HSTL15_I DRIVE=8 SLEW=SLOW NONE=TRUE successfully
Executing : def_port {mem_ras_n} LOC=P6 VCCIO=1.5 IOSTANDARD=HSTL15_I DRIVE=8 SLEW=SLOW NONE=TRUE
Executing : def_port {mem_ras_n} LOC=P6 VCCIO=1.5 IOSTANDARD=HSTL15_I DRIVE=8 SLEW=SLOW NONE=TRUE successfully
Executing : def_port {mem_rst_n} LOC=H1 VCCIO=1.5 IOSTANDARD=HSTL15_I DRIVE=8 SLEW=SLOW NONE=TRUE
Executing : def_port {mem_rst_n} LOC=H1 VCCIO=1.5 IOSTANDARD=HSTL15_I DRIVE=8 SLEW=SLOW NONE=TRUE successfully
Executing : def_port {mem_we_n} LOC=T8 VCCIO=1.5 IOSTANDARD=HSTL15_I DRIVE=8 SLEW=SLOW NONE=TRUE
Executing : def_port {mem_we_n} LOC=T8 VCCIO=1.5 IOSTANDARD=HSTL15_I DRIVE=8 SLEW=SLOW NONE=TRUE successfully
Executing : def_port {pix_clk_out} LOC=T24 VCCIO=3.3 IOSTANDARD=LVCMOS33 DRIVE=8 SLEW=FAST NONE=TRUE
Executing : def_port {pix_clk_out} LOC=T24 VCCIO=3.3 IOSTANDARD=LVCMOS33 DRIVE=8 SLEW=FAST NONE=TRUE successfully
Executing : def_port {r_b_out[0]} LOC=P19 VCCIO=3.3 IOSTANDARD=LVCMOS33 DRIVE=8 SLEW=SLOW NONE=TRUE
C: ConstraintEditor-2002: [D:/ZGTC/Work/ccc/device_map/hdmi_ddr_ov5640_top.pcf(line number: 95)] | Port r_b_out[0] has been placed at location P19, whose type is share pin.
Executing : def_port {r_b_out[0]} LOC=P19 VCCIO=3.3 IOSTANDARD=LVCMOS33 DRIVE=8 SLEW=SLOW NONE=TRUE successfully
Executing : def_port {r_b_out[1]} LOC=P21 VCCIO=3.3 IOSTANDARD=LVCMOS33 DRIVE=8 SLEW=SLOW NONE=TRUE
Executing : def_port {r_b_out[1]} LOC=P21 VCCIO=3.3 IOSTANDARD=LVCMOS33 DRIVE=8 SLEW=SLOW NONE=TRUE successfully
Executing : def_port {r_b_out[2]} LOC=P20 VCCIO=3.3 IOSTANDARD=LVCMOS33 DRIVE=8 SLEW=SLOW NONE=TRUE
Executing : def_port {r_b_out[2]} LOC=P20 VCCIO=3.3 IOSTANDARD=LVCMOS33 DRIVE=8 SLEW=SLOW NONE=TRUE successfully
Executing : def_port {r_b_out[3]} LOC=M22 VCCIO=3.3 IOSTANDARD=LVCMOS33 DRIVE=8 SLEW=SLOW NONE=TRUE
Executing : def_port {r_b_out[3]} LOC=M22 VCCIO=3.3 IOSTANDARD=LVCMOS33 DRIVE=8 SLEW=SLOW NONE=TRUE successfully
Executing : def_port {r_b_out[4]} LOC=M21 VCCIO=3.3 IOSTANDARD=LVCMOS33 DRIVE=8 SLEW=SLOW NONE=TRUE
Executing : def_port {r_b_out[4]} LOC=M21 VCCIO=3.3 IOSTANDARD=LVCMOS33 DRIVE=8 SLEW=SLOW NONE=TRUE successfully
Executing : def_port {r_b_out[5]} LOC=N18 VCCIO=3.3 IOSTANDARD=LVCMOS33 DRIVE=8 SLEW=SLOW NONE=TRUE
C: ConstraintEditor-2002: [D:/ZGTC/Work/ccc/device_map/hdmi_ddr_ov5640_top.pcf(line number: 100)] | Port r_b_out[5] has been placed at location N18, whose type is share pin.
Executing : def_port {r_b_out[5]} LOC=N18 VCCIO=3.3 IOSTANDARD=LVCMOS33 DRIVE=8 SLEW=SLOW NONE=TRUE successfully
Executing : def_port {r_b_out[6]} LOC=R22 VCCIO=3.3 IOSTANDARD=LVCMOS33 DRIVE=8 SLEW=SLOW NONE=TRUE
C: ConstraintEditor-2002: [D:/ZGTC/Work/ccc/device_map/hdmi_ddr_ov5640_top.pcf(line number: 101)] | Port r_b_out[6] has been placed at location R22, whose type is share pin.
Executing : def_port {r_b_out[6]} LOC=R22 VCCIO=3.3 IOSTANDARD=LVCMOS33 DRIVE=8 SLEW=SLOW NONE=TRUE successfully
Executing : def_port {r_b_out[7]} LOC=T22 VCCIO=3.3 IOSTANDARD=LVCMOS33 DRIVE=8 SLEW=SLOW NONE=TRUE
C: ConstraintEditor-2002: [D:/ZGTC/Work/ccc/device_map/hdmi_ddr_ov5640_top.pcf(line number: 102)] | Port r_b_out[7] has been placed at location T22, whose type is share pin.
Executing : def_port {r_b_out[7]} LOC=T22 VCCIO=3.3 IOSTANDARD=LVCMOS33 DRIVE=8 SLEW=SLOW NONE=TRUE successfully
Executing : def_port {r_de_out} LOC=N19 VCCIO=3.3 IOSTANDARD=LVCMOS33 DRIVE=8 SLEW=SLOW NONE=TRUE
C: ConstraintEditor-2002: [D:/ZGTC/Work/ccc/device_map/hdmi_ddr_ov5640_top.pcf(line number: 103)] | Port r_de_out has been placed at location N19, whose type is share pin.
Executing : def_port {r_de_out} LOC=N19 VCCIO=3.3 IOSTANDARD=LVCMOS33 DRIVE=8 SLEW=SLOW NONE=TRUE successfully
Executing : def_port {r_g_out[0]} LOC=T25 VCCIO=3.3 IOSTANDARD=LVCMOS33 DRIVE=8 SLEW=SLOW NONE=TRUE
C: ConstraintEditor-2002: [D:/ZGTC/Work/ccc/device_map/hdmi_ddr_ov5640_top.pcf(line number: 104)] | Port r_g_out[0] has been placed at location T25, whose type is share pin.
Executing : def_port {r_g_out[0]} LOC=T25 VCCIO=3.3 IOSTANDARD=LVCMOS33 DRIVE=8 SLEW=SLOW NONE=TRUE successfully
Executing : def_port {r_g_out[1]} LOC=P25 VCCIO=3.3 IOSTANDARD=LVCMOS33 DRIVE=8 SLEW=SLOW NONE=TRUE
C: ConstraintEditor-2002: [D:/ZGTC/Work/ccc/device_map/hdmi_ddr_ov5640_top.pcf(line number: 105)] | Port r_g_out[1] has been placed at location P25, whose type is share pin.
Executing : def_port {r_g_out[1]} LOC=P25 VCCIO=3.3 IOSTANDARD=LVCMOS33 DRIVE=8 SLEW=SLOW NONE=TRUE successfully
Executing : def_port {r_g_out[2]} LOC=R25 VCCIO=3.3 IOSTANDARD=LVCMOS33 DRIVE=8 SLEW=SLOW NONE=TRUE
C: ConstraintEditor-2002: [D:/ZGTC/Work/ccc/device_map/hdmi_ddr_ov5640_top.pcf(line number: 106)] | Port r_g_out[2] has been placed at location R25, whose type is share pin.
Executing : def_port {r_g_out[2]} LOC=R25 VCCIO=3.3 IOSTANDARD=LVCMOS33 DRIVE=8 SLEW=SLOW NONE=TRUE successfully
Executing : def_port {r_g_out[3]} LOC=P24 VCCIO=3.3 IOSTANDARD=LVCMOS33 DRIVE=8 SLEW=SLOW NONE=TRUE
C: ConstraintEditor-2002: [D:/ZGTC/Work/ccc/device_map/hdmi_ddr_ov5640_top.pcf(line number: 107)] | Port r_g_out[3] has been placed at location P24, whose type is share pin.
Executing : def_port {r_g_out[3]} LOC=P24 VCCIO=3.3 IOSTANDARD=LVCMOS33 DRIVE=8 SLEW=SLOW NONE=TRUE successfully
Executing : def_port {r_g_out[4]} LOC=P23 VCCIO=3.3 IOSTANDARD=LVCMOS33 DRIVE=8 SLEW=SLOW NONE=TRUE
C: ConstraintEditor-2002: [D:/ZGTC/Work/ccc/device_map/hdmi_ddr_ov5640_top.pcf(line number: 108)] | Port r_g_out[4] has been placed at location P23, whose type is share pin.
Executing : def_port {r_g_out[4]} LOC=P23 VCCIO=3.3 IOSTANDARD=LVCMOS33 DRIVE=8 SLEW=SLOW NONE=TRUE successfully
Executing : def_port {r_g_out[5]} LOC=N24 VCCIO=3.3 IOSTANDARD=LVCMOS33 DRIVE=8 SLEW=SLOW NONE=TRUE
C: ConstraintEditor-2002: [D:/ZGTC/Work/ccc/device_map/hdmi_ddr_ov5640_top.pcf(line number: 109)] | Port r_g_out[5] has been placed at location N24, whose type is share pin.
Executing : def_port {r_g_out[5]} LOC=N24 VCCIO=3.3 IOSTANDARD=LVCMOS33 DRIVE=8 SLEW=SLOW NONE=TRUE successfully
Executing : def_port {r_g_out[6]} LOC=N23 VCCIO=3.3 IOSTANDARD=LVCMOS33 DRIVE=8 SLEW=SLOW NONE=TRUE
C: ConstraintEditor-2002: [D:/ZGTC/Work/ccc/device_map/hdmi_ddr_ov5640_top.pcf(line number: 110)] | Port r_g_out[6] has been placed at location N23, whose type is share pin.
Executing : def_port {r_g_out[6]} LOC=N23 VCCIO=3.3 IOSTANDARD=LVCMOS33 DRIVE=8 SLEW=SLOW NONE=TRUE successfully
Executing : def_port {r_g_out[7]} LOC=N22 VCCIO=3.3 IOSTANDARD=LVCMOS33 DRIVE=8 SLEW=SLOW NONE=TRUE
Executing : def_port {r_g_out[7]} LOC=N22 VCCIO=3.3 IOSTANDARD=LVCMOS33 DRIVE=8 SLEW=SLOW NONE=TRUE successfully
Executing : def_port {r_hs_out} LOC=R20 VCCIO=3.3 IOSTANDARD=LVCMOS33 DRIVE=8 SLEW=SLOW NONE=TRUE
C: ConstraintEditor-2002: [D:/ZGTC/Work/ccc/device_map/hdmi_ddr_ov5640_top.pcf(line number: 112)] | Port r_hs_out has been placed at location R20, whose type is share pin.
Executing : def_port {r_hs_out} LOC=R20 VCCIO=3.3 IOSTANDARD=LVCMOS33 DRIVE=8 SLEW=SLOW NONE=TRUE successfully
Executing : def_port {r_r_out[0]} LOC=N21 VCCIO=3.3 IOSTANDARD=LVCMOS33 DRIVE=8 SLEW=SLOW NONE=TRUE
Executing : def_port {r_r_out[0]} LOC=N21 VCCIO=3.3 IOSTANDARD=LVCMOS33 DRIVE=8 SLEW=SLOW NONE=TRUE successfully
Executing : def_port {r_r_out[1]} LOC=L23 VCCIO=3.3 IOSTANDARD=LVCMOS33 DRIVE=8 SLEW=SLOW NONE=TRUE
Executing : def_port {r_r_out[1]} LOC=L23 VCCIO=3.3 IOSTANDARD=LVCMOS33 DRIVE=8 SLEW=SLOW NONE=TRUE successfully
Executing : def_port {r_r_out[2]} LOC=L22 VCCIO=3.3 IOSTANDARD=LVCMOS33 DRIVE=8 SLEW=SLOW NONE=TRUE
Executing : def_port {r_r_out[2]} LOC=L22 VCCIO=3.3 IOSTANDARD=LVCMOS33 DRIVE=8 SLEW=SLOW NONE=TRUE successfully
Executing : def_port {r_r_out[3]} LOC=L25 VCCIO=3.3 IOSTANDARD=LVCMOS33 DRIVE=8 SLEW=SLOW NONE=TRUE
C: ConstraintEditor-2002: [D:/ZGTC/Work/ccc/device_map/hdmi_ddr_ov5640_top.pcf(line number: 116)] | Port r_r_out[3] has been placed at location L25, whose type is share pin.
Executing : def_port {r_r_out[3]} LOC=L25 VCCIO=3.3 IOSTANDARD=LVCMOS33 DRIVE=8 SLEW=SLOW NONE=TRUE successfully
Executing : def_port {r_r_out[4]} LOC=L24 VCCIO=3.3 IOSTANDARD=LVCMOS33 DRIVE=8 SLEW=SLOW NONE=TRUE
Executing : def_port {r_r_out[4]} LOC=L24 VCCIO=3.3 IOSTANDARD=LVCMOS33 DRIVE=8 SLEW=SLOW NONE=TRUE successfully
Executing : def_port {r_r_out[5]} LOC=K26 VCCIO=3.3 IOSTANDARD=LVCMOS33 DRIVE=8 SLEW=SLOW NONE=TRUE
C: ConstraintEditor-2002: [D:/ZGTC/Work/ccc/device_map/hdmi_ddr_ov5640_top.pcf(line number: 118)] | Port r_r_out[5] has been placed at location K26, whose type is share pin.
Executing : def_port {r_r_out[5]} LOC=K26 VCCIO=3.3 IOSTANDARD=LVCMOS33 DRIVE=8 SLEW=SLOW NONE=TRUE successfully
Executing : def_port {r_r_out[6]} LOC=K25 VCCIO=3.3 IOSTANDARD=LVCMOS33 DRIVE=8 SLEW=SLOW NONE=TRUE
C: ConstraintEditor-2002: [D:/ZGTC/Work/ccc/device_map/hdmi_ddr_ov5640_top.pcf(line number: 119)] | Port r_r_out[6] has been placed at location K25, whose type is share pin.
Executing : def_port {r_r_out[6]} LOC=K25 VCCIO=3.3 IOSTANDARD=LVCMOS33 DRIVE=8 SLEW=SLOW NONE=TRUE successfully
Executing : def_port {r_r_out[7]} LOC=P16 VCCIO=3.3 IOSTANDARD=LVCMOS33 DRIVE=8 SLEW=SLOW NONE=TRUE
C: ConstraintEditor-2002: [D:/ZGTC/Work/ccc/device_map/hdmi_ddr_ov5640_top.pcf(line number: 120)] | Port r_r_out[7] has been placed at location P16, whose type is share pin.
Executing : def_port {r_r_out[7]} LOC=P16 VCCIO=3.3 IOSTANDARD=LVCMOS33 DRIVE=8 SLEW=SLOW NONE=TRUE successfully
Executing : def_port {r_vs_out} LOC=R21 VCCIO=3.3 IOSTANDARD=LVCMOS33 DRIVE=8 SLEW=FAST NONE=TRUE
C: ConstraintEditor-2002: [D:/ZGTC/Work/ccc/device_map/hdmi_ddr_ov5640_top.pcf(line number: 121)] | Port r_vs_out has been placed at location R21, whose type is share pin.
Executing : def_port {r_vs_out} LOC=R21 VCCIO=3.3 IOSTANDARD=LVCMOS33 DRIVE=8 SLEW=FAST NONE=TRUE successfully
Executing : def_port {rgmii_tx_ctl} LOC=D20 VCCIO=3.3 IOSTANDARD=LVCMOS33 DRIVE=8 SLEW=SLOW NONE=TRUE
Executing : def_port {rgmii_tx_ctl} LOC=D20 VCCIO=3.3 IOSTANDARD=LVCMOS33 DRIVE=8 SLEW=SLOW NONE=TRUE successfully
Executing : def_port {rgmii_txc} LOC=G16 VCCIO=3.3 IOSTANDARD=LVCMOS33 DRIVE=8 SLEW=SLOW NONE=TRUE
Executing : def_port {rgmii_txc} LOC=G16 VCCIO=3.3 IOSTANDARD=LVCMOS33 DRIVE=8 SLEW=SLOW NONE=TRUE successfully
Executing : def_port {rgmii_txd[0]} LOC=E20 VCCIO=3.3 IOSTANDARD=LVCMOS33 DRIVE=8 SLEW=SLOW NONE=TRUE
Executing : def_port {rgmii_txd[0]} LOC=E20 VCCIO=3.3 IOSTANDARD=LVCMOS33 DRIVE=8 SLEW=SLOW NONE=TRUE successfully
Executing : def_port {rgmii_txd[1]} LOC=B21 VCCIO=3.3 IOSTANDARD=LVCMOS33 DRIVE=8 SLEW=SLOW NONE=TRUE
Executing : def_port {rgmii_txd[1]} LOC=B21 VCCIO=3.3 IOSTANDARD=LVCMOS33 DRIVE=8 SLEW=SLOW NONE=TRUE successfully
Executing : def_port {rgmii_txd[2]} LOC=C21 VCCIO=3.3 IOSTANDARD=LVCMOS33 DRIVE=8 SLEW=SLOW NONE=TRUE
Executing : def_port {rgmii_txd[2]} LOC=C21 VCCIO=3.3 IOSTANDARD=LVCMOS33 DRIVE=8 SLEW=SLOW NONE=TRUE successfully
Executing : def_port {rgmii_txd[3]} LOC=D21 VCCIO=3.3 IOSTANDARD=LVCMOS33 DRIVE=8 SLEW=SLOW NONE=TRUE
Executing : def_port {rgmii_txd[3]} LOC=D21 VCCIO=3.3 IOSTANDARD=LVCMOS33 DRIVE=8 SLEW=SLOW NONE=TRUE successfully
Executing : def_port {b_in[0]} LOC=L18 VCCIO=3.3 IOSTANDARD=LVCMOS33 NONE=TRUE
C: ConstraintEditor-2002: [D:/ZGTC/Work/ccc/device_map/hdmi_ddr_ov5640_top.pcf(line number: 128)] | Port b_in[0] has been placed at location L18, whose type is share pin.
Executing : def_port {b_in[0]} LOC=L18 VCCIO=3.3 IOSTANDARD=LVCMOS33 NONE=TRUE successfully
Executing : def_port {b_in[1]} LOC=J21 VCCIO=3.3 IOSTANDARD=LVCMOS33 NONE=TRUE
Executing : def_port {b_in[1]} LOC=J21 VCCIO=3.3 IOSTANDARD=LVCMOS33 NONE=TRUE successfully
Executing : def_port {b_in[2]} LOC=J18 VCCIO=3.3 IOSTANDARD=LVCMOS33 NONE=TRUE
C: ConstraintEditor-2002: [D:/ZGTC/Work/ccc/device_map/hdmi_ddr_ov5640_top.pcf(line number: 130)] | Port b_in[2] has been placed at location J18, whose type is share pin.
Executing : def_port {b_in[2]} LOC=J18 VCCIO=3.3 IOSTANDARD=LVCMOS33 NONE=TRUE successfully
Executing : def_port {b_in[3]} LOC=H18 VCCIO=3.3 IOSTANDARD=LVCMOS33 NONE=TRUE
C: ConstraintEditor-2002: [D:/ZGTC/Work/ccc/device_map/hdmi_ddr_ov5640_top.pcf(line number: 131)] | Port b_in[3] has been placed at location H18, whose type is share pin.
Executing : def_port {b_in[3]} LOC=H18 VCCIO=3.3 IOSTANDARD=LVCMOS33 NONE=TRUE successfully
Executing : def_port {b_in[4]} LOC=L17 VCCIO=3.3 IOSTANDARD=LVCMOS33 NONE=TRUE
C: ConstraintEditor-2002: [D:/ZGTC/Work/ccc/device_map/hdmi_ddr_ov5640_top.pcf(line number: 132)] | Port b_in[4] has been placed at location L17, whose type is share pin.
Executing : def_port {b_in[4]} LOC=L17 VCCIO=3.3 IOSTANDARD=LVCMOS33 NONE=TRUE successfully
Executing : def_port {b_in[5]} LOC=M16 VCCIO=3.3 IOSTANDARD=LVCMOS33 NONE=TRUE
Executing : def_port {b_in[5]} LOC=M16 VCCIO=3.3 IOSTANDARD=LVCMOS33 NONE=TRUE successfully
Executing : def_port {b_in[6]} LOC=M17 VCCIO=3.3 IOSTANDARD=LVCMOS33 NONE=TRUE
Executing : def_port {b_in[6]} LOC=M17 VCCIO=3.3 IOSTANDARD=LVCMOS33 NONE=TRUE successfully
Executing : def_port {b_in[7]} LOC=M14 VCCIO=3.3 IOSTANDARD=LVCMOS33 NONE=TRUE
Executing : def_port {b_in[7]} LOC=M14 VCCIO=3.3 IOSTANDARD=LVCMOS33 NONE=TRUE successfully
Executing : def_port {clk_n} LOC=N2 VCCIO=1.5 IOSTANDARD=HSTL15D_I UNUSED=TRUE
Executing : def_port {clk_n} LOC=N2 VCCIO=1.5 IOSTANDARD=HSTL15D_I UNUSED=TRUE successfully
Executing : def_port {clk_p} LOC=N3 VCCIO=1.5 IOSTANDARD=HSTL15D_I UNUSED=TRUE
Executing : def_port {clk_p} LOC=N3 VCCIO=1.5 IOSTANDARD=HSTL15D_I UNUSED=TRUE successfully
Executing : def_port {cmos1_data[0]} LOC=T14 VCCIO=3.3 IOSTANDARD=LVCMOS33 NONE=TRUE
Executing : def_port {cmos1_data[0]} LOC=T14 VCCIO=3.3 IOSTANDARD=LVCMOS33 NONE=TRUE successfully
Executing : def_port {cmos1_data[1]} LOC=U20 VCCIO=3.3 IOSTANDARD=LVCMOS33 NONE=TRUE
Executing : def_port {cmos1_data[1]} LOC=U20 VCCIO=3.3 IOSTANDARD=LVCMOS33 NONE=TRUE successfully
Executing : def_port {cmos1_data[2]} LOC=Y26 VCCIO=3.3 IOSTANDARD=LVCMOS33 NONE=TRUE
Executing : def_port {cmos1_data[2]} LOC=Y26 VCCIO=3.3 IOSTANDARD=LVCMOS33 NONE=TRUE successfully
Executing : def_port {cmos1_data[3]} LOC=W25 VCCIO=3.3 IOSTANDARD=LVCMOS33 NONE=TRUE
Executing : def_port {cmos1_data[3]} LOC=W25 VCCIO=3.3 IOSTANDARD=LVCMOS33 NONE=TRUE successfully
Executing : def_port {cmos1_data[4]} LOC=T15 VCCIO=3.3 IOSTANDARD=LVCMOS33 NONE=TRUE
Executing : def_port {cmos1_data[4]} LOC=T15 VCCIO=3.3 IOSTANDARD=LVCMOS33 NONE=TRUE successfully
Executing : def_port {cmos1_data[5]} LOC=Y21 VCCIO=3.3 IOSTANDARD=LVCMOS33 NONE=TRUE
Executing : def_port {cmos1_data[5]} LOC=Y21 VCCIO=3.3 IOSTANDARD=LVCMOS33 NONE=TRUE successfully
Executing : def_port {cmos1_data[6]} LOC=V18 VCCIO=3.3 IOSTANDARD=LVCMOS33 NONE=TRUE
Executing : def_port {cmos1_data[6]} LOC=V18 VCCIO=3.3 IOSTANDARD=LVCMOS33 NONE=TRUE successfully
Executing : def_port {cmos1_data[7]} LOC=V14 VCCIO=3.3 IOSTANDARD=LVCMOS33 NONE=TRUE
Executing : def_port {cmos1_data[7]} LOC=V14 VCCIO=3.3 IOSTANDARD=LVCMOS33 NONE=TRUE successfully
Executing : def_port {cmos1_href} LOC=W18 VCCIO=3.3 IOSTANDARD=LVCMOS33 NONE=TRUE
Executing : def_port {cmos1_href} LOC=W18 VCCIO=3.3 IOSTANDARD=LVCMOS33 NONE=TRUE successfully
Executing : def_port {cmos1_pclk} LOC=Y22 VCCIO=3.3 IOSTANDARD=LVCMOS33 NONE=TRUE
Executing : def_port {cmos1_pclk} LOC=Y22 VCCIO=3.3 IOSTANDARD=LVCMOS33 NONE=TRUE successfully
Executing : def_port {cmos1_vsync} LOC=Y23 VCCIO=3.3 IOSTANDARD=LVCMOS33 NONE=TRUE
Executing : def_port {cmos1_vsync} LOC=Y23 VCCIO=3.3 IOSTANDARD=LVCMOS33 NONE=TRUE successfully
Executing : def_port {cmos2_data[0]} LOC=V21 VCCIO=3.3 IOSTANDARD=LVCMOS33 NONE=TRUE
Executing : def_port {cmos2_data[0]} LOC=V21 VCCIO=3.3 IOSTANDARD=LVCMOS33 NONE=TRUE successfully
Executing : def_port {cmos2_data[1]} LOC=U26 VCCIO=3.3 IOSTANDARD=LVCMOS33 NONE=TRUE
Executing : def_port {cmos2_data[1]} LOC=U26 VCCIO=3.3 IOSTANDARD=LVCMOS33 NONE=TRUE successfully
Executing : def_port {cmos2_data[2]} LOC=U25 VCCIO=3.3 IOSTANDARD=LVCMOS33 NONE=TRUE
Executing : def_port {cmos2_data[2]} LOC=U25 VCCIO=3.3 IOSTANDARD=LVCMOS33 NONE=TRUE successfully
Executing : def_port {cmos2_data[3]} LOC=V19 VCCIO=3.3 IOSTANDARD=LVCMOS33 NONE=TRUE
Executing : def_port {cmos2_data[3]} LOC=V19 VCCIO=3.3 IOSTANDARD=LVCMOS33 NONE=TRUE successfully
Executing : def_port {cmos2_data[4]} LOC=AB25 VCCIO=3.3 IOSTANDARD=LVCMOS33 NONE=TRUE
Executing : def_port {cmos2_data[4]} LOC=AB25 VCCIO=3.3 IOSTANDARD=LVCMOS33 NONE=TRUE successfully
Executing : def_port {cmos2_data[5]} LOC=AA23 VCCIO=3.3 IOSTANDARD=LVCMOS33 NONE=TRUE
Executing : def_port {cmos2_data[5]} LOC=AA23 VCCIO=3.3 IOSTANDARD=LVCMOS33 NONE=TRUE successfully
Executing : def_port {cmos2_data[6]} LOC=T17 VCCIO=3.3 IOSTANDARD=LVCMOS33 NONE=TRUE
Executing : def_port {cmos2_data[6]} LOC=T17 VCCIO=3.3 IOSTANDARD=LVCMOS33 NONE=TRUE successfully
Executing : def_port {cmos2_data[7]} LOC=T18 VCCIO=3.3 IOSTANDARD=LVCMOS33 NONE=TRUE
Executing : def_port {cmos2_data[7]} LOC=T18 VCCIO=3.3 IOSTANDARD=LVCMOS33 NONE=TRUE successfully
Executing : def_port {cmos2_href} LOC=W23 VCCIO=3.3 IOSTANDARD=LVCMOS33 NONE=TRUE
Executing : def_port {cmos2_href} LOC=W23 VCCIO=3.3 IOSTANDARD=LVCMOS33 NONE=TRUE successfully
Executing : def_port {cmos2_pclk} LOC=U21 VCCIO=3.3 IOSTANDARD=LVCMOS33 NONE=TRUE
Executing : def_port {cmos2_pclk} LOC=U21 VCCIO=3.3 IOSTANDARD=LVCMOS33 NONE=TRUE successfully
Executing : def_port {cmos2_vsync} LOC=V23 VCCIO=3.3 IOSTANDARD=LVCMOS33 NONE=TRUE
Executing : def_port {cmos2_vsync} LOC=V23 VCCIO=3.3 IOSTANDARD=LVCMOS33 NONE=TRUE successfully
Executing : def_port {de_in} LOC=H23 VCCIO=3.3 IOSTANDARD=LVCMOS33 NONE=TRUE
Executing : def_port {de_in} LOC=H23 VCCIO=3.3 IOSTANDARD=LVCMOS33 NONE=TRUE successfully
Executing : def_port {g_in[0]} LOC=L14 VCCIO=3.3 IOSTANDARD=LVCMOS33 NONE=TRUE
Executing : def_port {g_in[0]} LOC=L14 VCCIO=3.3 IOSTANDARD=LVCMOS33 NONE=TRUE successfully
Executing : def_port {g_in[1]} LOC=J14 VCCIO=3.3 IOSTANDARD=LVCMOS33 NONE=TRUE
C: ConstraintEditor-2002: [D:/ZGTC/Work/ccc/device_map/hdmi_ddr_ov5640_top.pcf(line number: 162)] | Port g_in[1] has been placed at location J14, whose type is share pin.
Executing : def_port {g_in[1]} LOC=J14 VCCIO=3.3 IOSTANDARD=LVCMOS33 NONE=TRUE successfully
Executing : def_port {g_in[2]} LOC=J15 VCCIO=3.3 IOSTANDARD=LVCMOS33 NONE=TRUE
C: ConstraintEditor-2002: [D:/ZGTC/Work/ccc/device_map/hdmi_ddr_ov5640_top.pcf(line number: 163)] | Port g_in[2] has been placed at location J15, whose type is share pin.
Executing : def_port {g_in[2]} LOC=J15 VCCIO=3.3 IOSTANDARD=LVCMOS33 NONE=TRUE successfully
Executing : def_port {g_in[3]} LOC=J16 VCCIO=3.3 IOSTANDARD=LVCMOS33 NONE=TRUE
C: ConstraintEditor-2002: [D:/ZGTC/Work/ccc/device_map/hdmi_ddr_ov5640_top.pcf(line number: 164)] | Port g_in[3] has been placed at location J16, whose type is share pin.
Executing : def_port {g_in[3]} LOC=J16 VCCIO=3.3 IOSTANDARD=LVCMOS33 NONE=TRUE successfully
Executing : def_port {g_in[4]} LOC=K15 VCCIO=3.3 IOSTANDARD=LVCMOS33 NONE=TRUE
C: ConstraintEditor-2002: [D:/ZGTC/Work/ccc/device_map/hdmi_ddr_ov5640_top.pcf(line number: 165)] | Port g_in[4] has been placed at location K15, whose type is share pin.
Executing : def_port {g_in[4]} LOC=K15 VCCIO=3.3 IOSTANDARD=LVCMOS33 NONE=TRUE successfully
Executing : def_port {g_in[5]} LOC=K17 VCCIO=3.3 IOSTANDARD=LVCMOS33 NONE=TRUE
C: ConstraintEditor-2002: [D:/ZGTC/Work/ccc/device_map/hdmi_ddr_ov5640_top.pcf(line number: 166)] | Port g_in[5] has been placed at location K17, whose type is share pin.
Executing : def_port {g_in[5]} LOC=K17 VCCIO=3.3 IOSTANDARD=LVCMOS33 NONE=TRUE successfully
Executing : def_port {g_in[6]} LOC=K16 VCCIO=3.3 IOSTANDARD=LVCMOS33 NONE=TRUE
C: ConstraintEditor-2002: [D:/ZGTC/Work/ccc/device_map/hdmi_ddr_ov5640_top.pcf(line number: 167)] | Port g_in[6] has been placed at location K16, whose type is share pin.
Executing : def_port {g_in[6]} LOC=K16 VCCIO=3.3 IOSTANDARD=LVCMOS33 NONE=TRUE successfully
Executing : def_port {g_in[7]} LOC=L15 VCCIO=3.3 IOSTANDARD=LVCMOS33 NONE=TRUE
C: ConstraintEditor-2002: [D:/ZGTC/Work/ccc/device_map/hdmi_ddr_ov5640_top.pcf(line number: 168)] | Port g_in[7] has been placed at location L15, whose type is share pin.
Executing : def_port {g_in[7]} LOC=L15 VCCIO=3.3 IOSTANDARD=LVCMOS33 NONE=TRUE successfully
Executing : def_port {hs_in} LOC=J23 VCCIO=3.3 IOSTANDARD=LVCMOS33 NONE=TRUE
C: ConstraintEditor-2001: [D:/ZGTC/Work/ccc/device_map/hdmi_ddr_ov5640_top.pcf(line number: 169)] Object 'hs_in' is dangling, which has no connection. it will be ignored.
Executing : def_port {hs_in} LOC=J23 VCCIO=3.3 IOSTANDARD=LVCMOS33 NONE=TRUE failed
Executing : def_port {pix_clk_in} LOC=K21 VCCIO=3.3 IOSTANDARD=LVCMOS33 NONE=TRUE
Executing : def_port {pix_clk_in} LOC=K21 VCCIO=3.3 IOSTANDARD=LVCMOS33 NONE=TRUE successfully
Executing : def_port {r_in[0]} LOC=M15 VCCIO=3.3 IOSTANDARD=LVCMOS33 NONE=TRUE
C: ConstraintEditor-2002: [D:/ZGTC/Work/ccc/device_map/hdmi_ddr_ov5640_top.pcf(line number: 171)] | Port r_in[0] has been placed at location M15, whose type is share pin.
Executing : def_port {r_in[0]} LOC=M15 VCCIO=3.3 IOSTANDARD=LVCMOS33 NONE=TRUE successfully
Executing : def_port {r_in[1]} LOC=H19 VCCIO=3.3 IOSTANDARD=LVCMOS33 NONE=TRUE
C: ConstraintEditor-2002: [D:/ZGTC/Work/ccc/device_map/hdmi_ddr_ov5640_top.pcf(line number: 172)] | Port r_in[1] has been placed at location H19, whose type is share pin.
Executing : def_port {r_in[1]} LOC=H19 VCCIO=3.3 IOSTANDARD=LVCMOS33 NONE=TRUE successfully
Executing : def_port {r_in[2]} LOC=J19 VCCIO=3.3 IOSTANDARD=LVCMOS33 NONE=TRUE
C: ConstraintEditor-2002: [D:/ZGTC/Work/ccc/device_map/hdmi_ddr_ov5640_top.pcf(line number: 173)] | Port r_in[2] has been placed at location J19, whose type is share pin.
Executing : def_port {r_in[2]} LOC=J19 VCCIO=3.3 IOSTANDARD=LVCMOS33 NONE=TRUE successfully
Executing : def_port {r_in[3]} LOC=J20 VCCIO=3.3 IOSTANDARD=LVCMOS33 NONE=TRUE
C: ConstraintEditor-2002: [D:/ZGTC/Work/ccc/device_map/hdmi_ddr_ov5640_top.pcf(line number: 174)] | Port r_in[3] has been placed at location J20, whose type is share pin.
Executing : def_port {r_in[3]} LOC=J20 VCCIO=3.3 IOSTANDARD=LVCMOS33 NONE=TRUE successfully
Executing : def_port {r_in[4]} LOC=K20 VCCIO=3.3 IOSTANDARD=LVCMOS33 NONE=TRUE
C: ConstraintEditor-2002: [D:/ZGTC/Work/ccc/device_map/hdmi_ddr_ov5640_top.pcf(line number: 175)] | Port r_in[4] has been placed at location K20, whose type is share pin.
Executing : def_port {r_in[4]} LOC=K20 VCCIO=3.3 IOSTANDARD=LVCMOS33 NONE=TRUE successfully
Executing : def_port {r_in[5]} LOC=G21 VCCIO=3.3 IOSTANDARD=LVCMOS33 NONE=TRUE
Executing : def_port {r_in[5]} LOC=G21 VCCIO=3.3 IOSTANDARD=LVCMOS33 NONE=TRUE successfully
Executing : def_port {r_in[6]} LOC=G20 VCCIO=3.3 IOSTANDARD=LVCMOS33 NONE=TRUE
Executing : def_port {r_in[6]} LOC=G20 VCCIO=3.3 IOSTANDARD=LVCMOS33 NONE=TRUE successfully
Executing : def_port {r_in[7]} LOC=H22 VCCIO=3.3 IOSTANDARD=LVCMOS33 NONE=TRUE
Executing : def_port {r_in[7]} LOC=H22 VCCIO=3.3 IOSTANDARD=LVCMOS33 NONE=TRUE successfully
Executing : def_port {rgmii_rx_ctl} LOC=H16 VCCIO=3.3 IOSTANDARD=LVCMOS33 NONE=TRUE
Executing : def_port {rgmii_rx_ctl} LOC=H16 VCCIO=3.3 IOSTANDARD=LVCMOS33 NONE=TRUE successfully
Executing : def_port {rgmii_rxc} LOC=D19 VCCIO=3.3 IOSTANDARD=LVCMOS33 NONE=TRUE
Executing : def_port {rgmii_rxc} LOC=D19 VCCIO=3.3 IOSTANDARD=LVCMOS33 NONE=TRUE successfully
Executing : def_port {rgmii_rxd[0]} LOC=D16 VCCIO=3.3 IOSTANDARD=LVCMOS33 NONE=TRUE
Executing : def_port {rgmii_rxd[0]} LOC=D16 VCCIO=3.3 IOSTANDARD=LVCMOS33 NONE=TRUE successfully
Executing : def_port {rgmii_rxd[1]} LOC=E16 VCCIO=3.3 IOSTANDARD=LVCMOS33 NONE=TRUE
Executing : def_port {rgmii_rxd[1]} LOC=E16 VCCIO=3.3 IOSTANDARD=LVCMOS33 NONE=TRUE successfully
Executing : def_port {rgmii_rxd[2]} LOC=A19 VCCIO=3.3 IOSTANDARD=LVCMOS33 NONE=TRUE
Executing : def_port {rgmii_rxd[2]} LOC=A19 VCCIO=3.3 IOSTANDARD=LVCMOS33 NONE=TRUE successfully
Executing : def_port {rgmii_rxd[3]} LOC=B19 VCCIO=3.3 IOSTANDARD=LVCMOS33 NONE=TRUE
Executing : def_port {rgmii_rxd[3]} LOC=B19 VCCIO=3.3 IOSTANDARD=LVCMOS33 NONE=TRUE successfully
Executing : def_port {sys_clk} LOC=D18 VCCIO=3.3 IOSTANDARD=LVCMOS33 NONE=TRUE
Executing : def_port {sys_clk} LOC=D18 VCCIO=3.3 IOSTANDARD=LVCMOS33 NONE=TRUE successfully
Executing : def_port {vs_in} LOC=H24 VCCIO=3.3 IOSTANDARD=LVCMOS33 NONE=TRUE
C: ConstraintEditor-2002: [D:/ZGTC/Work/ccc/device_map/hdmi_ddr_ov5640_top.pcf(line number: 186)] | Port vs_in has been placed at location H24, whose type is share pin.
Executing : def_port {vs_in} LOC=H24 VCCIO=3.3 IOSTANDARD=LVCMOS33 NONE=TRUE successfully
Executing : def_inst_site {u_ddr3_test_h/u_ddrphy_top/ddrphy_reset_ctrl/ddrphy_ioclk_gate[0]/opit_0_inv} CLMA_357_354 FF3
Executing : def_inst_site {u_ddr3_test_h/u_ddrphy_top/ddrphy_reset_ctrl/ddrphy_ioclk_gate[0]/opit_0_inv} CLMA_357_354 FF3 successfully
Executing : def_inst_site {u_ddr3_test_h/u_ddrphy_top/ddrphy_reset_ctrl/ddrphy_ioclk_gate[1]/opit_0_inv} CLMA_357_660 FF3
Executing : def_inst_site {u_ddr3_test_h/u_ddrphy_top/ddrphy_reset_ctrl/ddrphy_ioclk_gate[1]/opit_0_inv} CLMA_357_660 FF3 successfully
Executing : def_inst_site {u_ddr3_test_h/u_ddrphy_top/u_ddrphy_cpd/cpd_inst} DDRPHY_CPD_369_466
Executing : def_inst_site {u_ddr3_test_h/u_ddrphy_top/u_ddrphy_cpd/cpd_inst} DDRPHY_CPD_369_466 successfully
Constraint check end.
I: Column Clock Check open.
Read Column Clock Map.

Placement started.
Phase 1 Pre global placement started.
Mapping instance GRS_INST/grs_ccs to CCS_87_316.
Mapping instance u_CORES/u_GTP_SCANCHAIN_PG/scanchain to SCANCHAIN_88_312.
Mapping instance cmos_pll/u_gpll/gpll_inst to GPLL_7_1075.
Mapping instance u_ddr3_test_h/u_ddrphy_top/ddrphy_gpll/u_gpll/gpll_inst to GPLL_367_463.
Mapping instance u_ddr3_test_h/u_ddrphy_top/ddrphy_slice_top/i_dqs_bank[0].u_ddrphy_ioclkdiv/ddrphy_ioclk_div_inst to DDRPHY_IOCLK_DIV_368_310.
Mapping instance u_ddr3_test_h/u_ddrphy_top/ddrphy_slice_top/i_dqs_bank[0].ddrphy_ppll/u_ppll/ppll_inst to PPLL_367_307.
Mapping instance u_ddr3_test_h/u_ddrphy_top/ddrphy_slice_top/i_ca_group[0].u_ddc_ca/ddc_inst to DDR_PHY_369_463.
Mapping instance u_ddr3_test_h/u_ddrphy_top/ddrphy_slice_top/i_ca_group[1].u_ddc_ca/ddc_inst to DDR_PHY_369_309.
Mapping instance u_ddr3_test_h/u_ddrphy_top/ddrphy_slice_top/i_ca_group[2].u_ddc_ca/ddc_inst to DDR_PHY_369_307.
Mapping instance u_ddr3_test_h/u_ddrphy_top/ddrphy_slice_top/i_dqs_bank[1].u_ddrphy_ioclkdiv/ddrphy_ioclk_div_inst to DDRPHY_IOCLK_DIV_368_616.
Mapping instance u_ddr3_test_h/u_ddrphy_top/ddrphy_slice_top/i_dqs_bank[1].ddrphy_ppll/u_ppll/ppll_inst to PPLL_367_613.
Mapping instance u_ddr3_test_h/u_ddrphy_top/ddrphy_slice_top/i_dqs_group[0].ddrphy_data_slice/u_ddc_dq/ddc_inst_PHY to DDR_PHY_369_769.
Mapping instance u_ddr3_test_h/u_ddrphy_top/ddrphy_slice_top/i_dqs_group[1].ddrphy_data_slice/u_ddc_dq/ddc_inst_PHY to DDR_PHY_369_771.
Mapping instance u_ddr3_test_h/u_ddrphy_top/ddrphy_slice_top/i_dqs_group[2].ddrphy_data_slice/u_ddc_dq/ddc_inst_PHY to DDR_PHY_369_615.
Mapping instance u_ddr3_test_h/u_ddrphy_top/ddrphy_slice_top/i_dqs_group[3].ddrphy_data_slice/u_ddc_dq/ddc_inst_PHY to DDR_PHY_369_613.
Phase 1.1 1st GP placement started.
Design Utilization : 14%.
First map gop timing takes 1.83 sec
Worst slack after clock region global placement is -8972
Wirelength after clock region global placement is 265442 and checksum is FED2139F5B5D398A.
1st GP placement takes 7.70 sec.

Phase 1.2 Clock placement started.
Mapping instance u_ddr3_test_h/u_ddrphy_top/ddrphy_slice_top/i_dqs_bank[0].u_clkbufr/goprclk to RCKB_363_456.
Mapping instance u_ddr3_test_h/u_ddrphy_top/ddrphy_slice_top/i_dqs_bank[1].u_clkbufr/goprclk to RCKB_363_762.
Mapping instance u_ddr3_test_h/u_ddrphy_top/u_clkbufm/clkbufm_inst to MRCKB_361_456.
Mapping instance cmos1_8_16bit/u_u_/iockdiv_inst to RCKB_9_150.
Mapping instance cmos2_8_16bit/u_u_/iockdiv_inst to RCKB_9_151.
Mapping instance u_ddr3_test_h/u_ddrphy_top/u_sysclk_bufg/gopclkbufg to USCM_215_576.
Mapping instance clkbufg_5/gopclkbufg to USCM_215_624.
Mapping instance clkbufg_7/gopclkbufg to USCM_215_627.
Mapping instance clkbufg_9/gopclkbufg to USCM_215_579.
Mapping instance clkbufg_8/gopclkbufg to USCM_215_582.
Mapping instance clkbufg_10/gopclkbufg to USCM_215_630.
Mapping instance clkbufg_11/gopclkbufg to USCM_215_633.
Mapping instance watch_clock/u_gpll/gpll_inst to GPLL_7_463.
Mapping instance clkbufg_3/gopclkbufg to USCM_215_585.
Mapping instance ref_clock/u_gpll/gpll_inst to GPLL_7_157.
Mapping instance u_rgmii_interface/GTP_CLKBUFG_RXSHFT/gopclkbufg to USCM_215_588.
Mapping instance u_pll/u_gpll/gpll_inst to GPLL_367_769.
Mapping instance clkbufg_4/gopclkbufg to USCM_215_636.
Mapping instance u_ddr3_test_h/u_ddrphy_top/rst_clk_gpll/u_gpll/gpll_inst to GPLL_7_769.
Mapping instance u_ddr3_test_h/u_ddrphy_top/u_rst_clk_bufg/gopclkbufg to USCM_215_639.
C: Place-2028: GLOBAL_CLOCK: the driver u_CORES/u_GTP_SCANCHAIN_PG/scanchain fixed at SCANCHAIN_88_312 is unreasonable. Sub-optimal placement for a clock source and a clock buffer.
Mapping instance clkbufg_6/gopclkbufg to USCM_215_591.
Clock placement takes 0.30 sec.

Wirelength after Pre Global Placement is 265442 and checksum is FED2139F5B5D398A.
Pre global placement takes 8.67 sec.

Phase 2 Global placement started.
Phase 2.1 Fixed placement started.
Placed fixed group with base inst ETH_led_obuf/opit_1 on IOLHR_16_1134.
Placed fixed group with base inst b_in_ibuf[0]/opit_1 on IOLHR_16_816.
Placed fixed group with base inst b_in_ibuf[1]/opit_1 on IOLHR_16_768.
Placed fixed group with base inst b_in_ibuf[2]/opit_1 on IOLHR_16_798.
Placed fixed group with base inst b_in_ibuf[3]/opit_1 on IOLHR_16_792.
Placed fixed group with base inst b_in_ibuf[4]/opit_1 on IOLHR_16_822.
Placed fixed group with base inst b_in_ibuf[5]/opit_1 on IOLHR_16_846.
Placed fixed group with base inst b_in_ibuf[6]/opit_1 on IOLHR_16_840.
Placed fixed group with base inst b_in_ibuf[7]/opit_1 on IOLHR_16_870.
Placed fixed group with base inst cmos1_data_ibuf[0]/opit_1 on IOLHR_16_60.
Placed fixed group with base inst cmos1_data_ibuf[1]/opit_1 on IOLHR_16_114.
Placed fixed group with base inst cmos1_data_ibuf[2]/opit_1 on IOLHR_16_252.
Placed fixed group with base inst cmos1_data_ibuf[3]/opit_1 on IOLHR_16_258.
Placed fixed group with base inst cmos1_data_ibuf[4]/opit_1 on IOLHR_16_54.
Placed fixed group with base inst cmos1_data_ibuf[5]/opit_1 on IOLHR_16_126.
Placed fixed group with base inst cmos1_data_ibuf[6]/opit_1 on IOLHR_16_72.
Placed fixed group with base inst cmos1_data_ibuf[7]/opit_1 on IOLHR_16_18.
Placed fixed group with base inst cmos1_href_ibuf/opit_1 on IOLHR_16_66.
Placed fixed group with base inst cmos1_pclk_ibuf/opit_1 on IOLHR_16_174.
Placed fixed group with base inst cmos1_reset_obuf/opit_1 on IOLHR_16_120.
Placed fixed group with base inst cmos1_scl_iobuf/opit_1 on IOLHR_16_132.
Placed fixed group with base inst cmos1_vsync_ibuf/opit_1 on IOLHR_16_168.
Placed fixed group with base inst cmos2_data_ibuf[0]/opit_1 on IOLHR_16_138.
Placed fixed group with base inst cmos2_data_ibuf[1]/opit_1 on IOLHR_16_288.
Placed fixed group with base inst cmos2_data_ibuf[2]/opit_1 on IOLHR_16_294.
Placed fixed group with base inst cmos2_data_ibuf[3]/opit_1 on IOLHR_16_84.
Placed fixed group with base inst cmos2_data_ibuf[4]/opit_1 on IOLHR_16_216.
Placed fixed group with base inst cmos2_data_ibuf[5]/opit_1 on IOLHR_16_204.
Placed fixed group with base inst cmos2_data_ibuf[6]/opit_1 on IOLHR_16_48.
Placed fixed group with base inst cmos2_data_ibuf[7]/opit_1 on IOLHR_16_42.
Placed fixed group with base inst cmos2_href_ibuf/opit_1 on IOLHR_16_180.
Placed fixed group with base inst cmos2_pclk_ibuf/opit_1 on IOLHR_16_144.
Placed fixed group with base inst cmos2_reset_obuf/opit_1 on IOLHR_16_102.
Placed fixed group with base inst cmos2_scl_iobuf/opit_1 on IOLHR_16_78.
Placed fixed group with base inst cmos2_vsync_ibuf/opit_1 on IOLHR_16_186.
Placed fixed group with base inst cmos_init_done_obuf[0]/opit_1 on IOLHR_16_1116.
Placed fixed group with base inst cmos_init_done_obuf[1]/opit_1 on IOLHR_16_1086.
Placed fixed group with base inst coms1_reg_config.u1.i2c_sdat_tri/opit_1 on IOLHR_16_24.
Placed fixed group with base inst coms2_reg_config.u1.i2c_sdat_tri/opit_1 on IOLHR_16_12.
Placed fixed group with base inst ddr_init_done_obuf/opit_1 on IOLHR_16_1074.
Placed fixed group with base inst de_in_ibuf/opit_1 on IOLHR_16_738.
Placed fixed group with base inst fram0_done_obuf/opit_1 on IOLHR_16_912.
Placed fixed group with base inst fram1_done_obuf/opit_1 on IOLHR_16_612.
Placed fixed group with base inst fram2_done_obuf/opit_1 on IOLHR_16_0.
Placed fixed group with base inst fram3_done_obuf/opit_1 on IOLHR_16_300.
Placed fixed group with base inst g_in_ibuf[0]/opit_1 on IOLHR_16_864.
Placed fixed group with base inst g_in_ibuf[1]/opit_1 on IOLHR_16_894.
Placed fixed group with base inst g_in_ibuf[2]/opit_1 on IOLHR_16_888.
Placed fixed group with base inst g_in_ibuf[3]/opit_1 on IOLHR_16_900.
Placed fixed group with base inst g_in_ibuf[4]/opit_1 on IOLHR_16_906.
Placed fixed group with base inst g_in_ibuf[5]/opit_1 on IOLHR_16_876.
Placed fixed group with base inst g_in_ibuf[6]/opit_1 on IOLHR_16_882.
Placed fixed group with base inst g_in_ibuf[7]/opit_1 on IOLHR_16_852.
Placed fixed group with base inst hdmi_int_led_obuf/opit_1 on IOLHR_16_1056.
Placed fixed group with base inst hdmi_rst_obuf/opit_1 on IOLHR_16_636.
Placed fixed group with base inst heart_beat_led_obuf/opit_1 on IOLHR_16_1032.
Placed fixed group with base inst iic_tx_scl_obuf/opit_1 on IOLHR_16_696.
Placed fixed group with base inst led_test/opit_1 on IOLHR_16_1110.
Placed fixed group with base inst mem_rst_n_obuf/opit_1 on IOLHR_364_486.
Placed fixed group with base inst ms72xx_ctl.iic_sda_tri/opit_1 on IOLHR_16_690.
Placed fixed group with base inst pix_clk_in_ibuf/opit_1 on IOLHR_16_774.
Placed fixed group with base inst pix_clk_out_obuf/opit_1 on IOLHR_16_354.
Placed fixed group with base inst r_b_out_obuf[0]/opit_1 on IOLHR_16_414.
Placed fixed group with base inst r_b_out_obuf[1]/opit_1 on IOLHR_16_432.
Placed fixed group with base inst r_b_out_obuf[2]/opit_1 on IOLHR_16_438.
Placed fixed group with base inst r_b_out_obuf[3]/opit_1 on IOLHR_16_462.
Placed fixed group with base inst r_b_out_obuf[4]/opit_1 on IOLHR_16_468.
Placed fixed group with base inst r_b_out_obuf[5]/opit_1 on IOLHR_16_534.
Placed fixed group with base inst r_b_out_obuf[6]/opit_1 on IOLHR_16_324.
Placed fixed group with base inst r_b_out_obuf[7]/opit_1 on IOLHR_16_330.
Placed fixed group with base inst r_de_out_obuf/opit_1 on IOLHR_16_408.
Placed fixed group with base inst r_g_out_obuf[0]/opit_1 on IOLHR_16_348.
Placed fixed group with base inst r_g_out_obuf[1]/opit_1 on IOLHR_16_372.
Placed fixed group with base inst r_g_out_obuf[2]/opit_1 on IOLHR_16_378.
Placed fixed group with base inst r_g_out_obuf[3]/opit_1 on IOLHR_16_396.
Placed fixed group with base inst r_g_out_obuf[4]/opit_1 on IOLHR_16_402.
Placed fixed group with base inst r_g_out_obuf[5]/opit_1 on IOLHR_16_420.
Placed fixed group with base inst r_g_out_obuf[6]/opit_1 on IOLHR_16_426.
Placed fixed group with base inst r_g_out_obuf[7]/opit_1 on IOLHR_16_444.
Placed fixed group with base inst r_hs_out_obuf/opit_1 on IOLHR_16_390.
Placed fixed group with base inst r_in_ibuf[0]/opit_1 on IOLHR_16_858.
Placed fixed group with base inst r_in_ibuf[1]/opit_1 on IOLHR_16_828.
Placed fixed group with base inst r_in_ibuf[2]/opit_1 on IOLHR_16_834.
Placed fixed group with base inst r_in_ibuf[3]/opit_1 on IOLHR_16_804.
Placed fixed group with base inst r_in_ibuf[4]/opit_1 on IOLHR_16_810.
Placed fixed group with base inst r_in_ibuf[5]/opit_1 on IOLHR_16_780.
Placed fixed group with base inst r_in_ibuf[6]/opit_1 on IOLHR_16_786.
Placed fixed group with base inst r_in_ibuf[7]/opit_1 on IOLHR_16_750.
Placed fixed group with base inst r_r_out_obuf[0]/opit_1 on IOLHR_16_450.
Placed fixed group with base inst r_r_out_obuf[1]/opit_1 on IOLHR_16_474.
Placed fixed group with base inst r_r_out_obuf[2]/opit_1 on IOLHR_16_480.
Placed fixed group with base inst r_r_out_obuf[3]/opit_1 on IOLHR_16_498.
Placed fixed group with base inst r_r_out_obuf[4]/opit_1 on IOLHR_16_504.
Placed fixed group with base inst r_r_out_obuf[5]/opit_1 on IOLHR_16_522.
Placed fixed group with base inst r_r_out_obuf[6]/opit_1 on IOLHR_16_528.
Placed fixed group with base inst r_r_out_obuf[7]/opit_1 on IOLHR_16_570.
Placed fixed group with base inst r_vs_out_obuf/opit_1 on IOLHR_16_384.
Placed fixed group with base inst rgmii_rxc_ibuf/opit_1 on IOLHR_16_1062.
Placed fixed group with base inst sys_clk_ibuf/opit_1 on IOLHR_16_1080.
Placed fixed group with base inst u_ddr3_test_h/u_ddrphy_top/ddrphy_slice_top/i_dqs_group[0].ddrphy_data_slice/dq_loop[0].u_iobuf_dq/opit_1 on IOLHR_364_774.
Placed fixed group with base inst u_ddr3_test_h/u_ddrphy_top/ddrphy_slice_top/i_dqs_group[0].ddrphy_data_slice/dq_loop[1].u_iobuf_dq/opit_1 on IOLHR_364_834.
Placed fixed group with base inst u_ddr3_test_h/u_ddrphy_top/ddrphy_slice_top/i_dqs_group[0].ddrphy_data_slice/dq_loop[2].u_iobuf_dq/opit_1 on IOLHR_364_768.
Placed fixed group with base inst u_ddr3_test_h/u_ddrphy_top/ddrphy_slice_top/i_dqs_group[0].ddrphy_data_slice/dq_loop[3].u_iobuf_dq/opit_1 on IOLHR_364_822.
Placed fixed group with base inst u_ddr3_test_h/u_ddrphy_top/ddrphy_slice_top/i_dqs_group[0].ddrphy_data_slice/dq_loop[4].u_iobuf_dq/opit_1 on IOLHR_364_786.
Placed fixed group with base inst u_ddr3_test_h/u_ddrphy_top/ddrphy_slice_top/i_dqs_group[0].ddrphy_data_slice/dq_loop[5].u_iobuf_dq/opit_1 on IOLHR_364_798.
Placed fixed group with base inst u_ddr3_test_h/u_ddrphy_top/ddrphy_slice_top/i_dqs_group[0].ddrphy_data_slice/dq_loop[6].u_iobuf_dq/opit_1 on IOLHR_364_780.
Placed fixed group with base inst u_ddr3_test_h/u_ddrphy_top/ddrphy_slice_top/i_dqs_group[0].ddrphy_data_slice/dq_loop[7].u_iobuf_dq/opit_1 on IOLHR_364_828.
Placed fixed group with base inst u_ddr3_test_h/u_ddrphy_top/ddrphy_slice_top/i_dqs_group[0].ddrphy_data_slice/genblk1.u_iobufco_dqs/opit_2 on IOLHR_364_810.
Placed fixed group with base inst u_ddr3_test_h/u_ddrphy_top/ddrphy_slice_top/i_dqs_group[0].ddrphy_data_slice/u_outbuft_dm/opit_1 on IOLHR_364_792.
Placed fixed group with base inst u_ddr3_test_h/u_ddrphy_top/ddrphy_slice_top/i_dqs_group[1].ddrphy_data_slice/dq_loop[0].u_iobuf_dq/opit_1 on IOLHR_364_858.
Placed fixed group with base inst u_ddr3_test_h/u_ddrphy_top/ddrphy_slice_top/i_dqs_group[1].ddrphy_data_slice/dq_loop[1].u_iobuf_dq/opit_1 on IOLHR_364_870.
Placed fixed group with base inst u_ddr3_test_h/u_ddrphy_top/ddrphy_slice_top/i_dqs_group[1].ddrphy_data_slice/dq_loop[2].u_iobuf_dq/opit_1 on IOLHR_364_894.
Placed fixed group with base inst u_ddr3_test_h/u_ddrphy_top/ddrphy_slice_top/i_dqs_group[1].ddrphy_data_slice/dq_loop[3].u_iobuf_dq/opit_1 on IOLHR_364_900.
Placed fixed group with base inst u_ddr3_test_h/u_ddrphy_top/ddrphy_slice_top/i_dqs_group[1].ddrphy_data_slice/dq_loop[4].u_iobuf_dq/opit_1 on IOLHR_364_888.
Placed fixed group with base inst u_ddr3_test_h/u_ddrphy_top/ddrphy_slice_top/i_dqs_group[1].ddrphy_data_slice/dq_loop[5].u_iobuf_dq/opit_1 on IOLHR_364_906.
Placed fixed group with base inst u_ddr3_test_h/u_ddrphy_top/ddrphy_slice_top/i_dqs_group[1].ddrphy_data_slice/dq_loop[6].u_iobuf_dq/opit_1 on IOLHR_364_846.
Placed fixed group with base inst u_ddr3_test_h/u_ddrphy_top/ddrphy_slice_top/i_dqs_group[1].ddrphy_data_slice/dq_loop[7].u_iobuf_dq/opit_1 on IOLHR_364_852.
Placed fixed group with base inst u_ddr3_test_h/u_ddrphy_top/ddrphy_slice_top/i_dqs_group[1].ddrphy_data_slice/genblk1.u_iobufco_dqs/opit_2 on IOLHR_364_882.
Placed fixed group with base inst u_ddr3_test_h/u_ddrphy_top/ddrphy_slice_top/i_dqs_group[1].ddrphy_data_slice/u_outbuft_dm/opit_1 on IOLHR_364_864.
Placed fixed group with base inst u_ddr3_test_h/u_ddrphy_top/ddrphy_slice_top/i_dqs_group[2].ddrphy_data_slice/dq_loop[0].u_iobuf_dq/opit_1 on IOLHR_364_738.
Placed fixed group with base inst u_ddr3_test_h/u_ddrphy_top/ddrphy_slice_top/i_dqs_group[2].ddrphy_data_slice/dq_loop[1].u_iobuf_dq/opit_1 on IOLHR_364_744.
Placed fixed group with base inst u_ddr3_test_h/u_ddrphy_top/ddrphy_slice_top/i_dqs_group[2].ddrphy_data_slice/dq_loop[2].u_iobuf_dq/opit_1 on IOLHR_364_714.
Placed fixed group with base inst u_ddr3_test_h/u_ddrphy_top/ddrphy_slice_top/i_dqs_group[2].ddrphy_data_slice/dq_loop[3].u_iobuf_dq/opit_1 on IOLHR_364_690.
Placed fixed group with base inst u_ddr3_test_h/u_ddrphy_top/ddrphy_slice_top/i_dqs_group[2].ddrphy_data_slice/dq_loop[4].u_iobuf_dq/opit_1 on IOLHR_364_702.
Placed fixed group with base inst u_ddr3_test_h/u_ddrphy_top/ddrphy_slice_top/i_dqs_group[2].ddrphy_data_slice/dq_loop[5].u_iobuf_dq/opit_1 on IOLHR_364_696.
Placed fixed group with base inst u_ddr3_test_h/u_ddrphy_top/ddrphy_slice_top/i_dqs_group[2].ddrphy_data_slice/dq_loop[6].u_iobuf_dq/opit_1 on IOLHR_364_720.
Placed fixed group with base inst u_ddr3_test_h/u_ddrphy_top/ddrphy_slice_top/i_dqs_group[2].ddrphy_data_slice/dq_loop[7].u_iobuf_dq/opit_1 on IOLHR_364_708.
Placed fixed group with base inst u_ddr3_test_h/u_ddrphy_top/ddrphy_slice_top/i_dqs_group[2].ddrphy_data_slice/genblk1.u_iobufco_dqs/opit_2 on IOLHR_364_732.
Placed fixed group with base inst u_ddr3_test_h/u_ddrphy_top/ddrphy_slice_top/i_dqs_group[2].ddrphy_data_slice/u_outbuft_dm/opit_1 on IOLHR_364_750.
Placed fixed group with base inst u_ddr3_test_h/u_ddrphy_top/ddrphy_slice_top/i_dqs_group[3].ddrphy_data_slice/dq_loop[0].u_iobuf_dq/opit_1 on IOLHR_364_648.
Placed fixed group with base inst u_ddr3_test_h/u_ddrphy_top/ddrphy_slice_top/i_dqs_group[3].ddrphy_data_slice/dq_loop[1].u_iobuf_dq/opit_1 on IOLHR_364_630.
Placed fixed group with base inst u_ddr3_test_h/u_ddrphy_top/ddrphy_slice_top/i_dqs_group[3].ddrphy_data_slice/dq_loop[2].u_iobuf_dq/opit_1 on IOLHR_364_618.
Placed fixed group with base inst u_ddr3_test_h/u_ddrphy_top/ddrphy_slice_top/i_dqs_group[3].ddrphy_data_slice/dq_loop[3].u_iobuf_dq/opit_1 on IOLHR_364_666.
Placed fixed group with base inst u_ddr3_test_h/u_ddrphy_top/ddrphy_slice_top/i_dqs_group[3].ddrphy_data_slice/dq_loop[4].u_iobuf_dq/opit_1 on IOLHR_364_636.
Placed fixed group with base inst u_ddr3_test_h/u_ddrphy_top/ddrphy_slice_top/i_dqs_group[3].ddrphy_data_slice/dq_loop[5].u_iobuf_dq/opit_1 on IOLHR_364_672.
Placed fixed group with base inst u_ddr3_test_h/u_ddrphy_top/ddrphy_slice_top/i_dqs_group[3].ddrphy_data_slice/dq_loop[6].u_iobuf_dq/opit_1 on IOLHR_364_624.
Placed fixed group with base inst u_ddr3_test_h/u_ddrphy_top/ddrphy_slice_top/i_dqs_group[3].ddrphy_data_slice/dq_loop[7].u_iobuf_dq/opit_1 on IOLHR_364_684.
Placed fixed group with base inst u_ddr3_test_h/u_ddrphy_top/ddrphy_slice_top/i_dqs_group[3].ddrphy_data_slice/genblk1.u_iobufco_dqs/opit_2 on IOLHR_364_660.
Placed fixed group with base inst u_ddr3_test_h/u_ddrphy_top/ddrphy_slice_top/i_dqs_group[3].ddrphy_data_slice/u_outbuft_dm/opit_1 on IOLHR_364_642.
Placed fixed group with base inst u_ddr3_test_h/u_ddrphy_top/ddrphy_slice_top/i_mem_addr_0[0].u_outbuft_addr0/opit_1 on IOLHR_364_522.
Placed fixed group with base inst u_ddr3_test_h/u_ddrphy_top/ddrphy_slice_top/i_mem_addr_0[1].u_outbuft_addr0/opit_1 on IOLHR_364_516.
Placed fixed group with base inst u_ddr3_test_h/u_ddrphy_top/ddrphy_slice_top/i_mem_addr_0[2].u_outbuft_addr0/opit_1 on IOLHR_364_474.
Placed fixed group with base inst u_ddr3_test_h/u_ddrphy_top/ddrphy_slice_top/i_mem_addr_0[3].u_outbuft_addr0/opit_1 on IOLHR_364_444.
Placed fixed group with base inst u_ddr3_test_h/u_ddrphy_top/ddrphy_slice_top/i_mem_addr_0[4].u_outbuft_addr0/opit_1 on IOLHR_364_402.
Placed fixed group with base inst u_ddr3_test_h/u_ddrphy_top/ddrphy_slice_top/i_mem_addr_0[5].u_outbuft_addr0/opit_1 on IOLHR_364_498.
Placed fixed group with base inst u_ddr3_test_h/u_ddrphy_top/ddrphy_slice_top/i_mem_addr_0[6].u_outbuft_addr0/opit_1 on IOLHR_364_384.
Placed fixed group with base inst u_ddr3_test_h/u_ddrphy_top/ddrphy_slice_top/i_mem_addr_0[7].u_outbuft_addr0/opit_1 on IOLHR_364_528.
Placed fixed group with base inst u_ddr3_test_h/u_ddrphy_top/ddrphy_slice_top/i_mem_addr_0[8].u_outbuft_addr0/opit_1 on IOLHR_364_390.
Placed fixed group with base inst u_ddr3_test_h/u_ddrphy_top/ddrphy_slice_top/i_mem_addr_0[9].u_outbuft_addr0/opit_1 on IOLHR_364_510.
Placed fixed group with base inst u_ddr3_test_h/u_ddrphy_top/ddrphy_slice_top/i_mem_addr_0[10].u_outbuft_addr0/opit_1 on IOLHR_364_408.
Placed fixed group with base inst u_ddr3_test_h/u_ddrphy_top/ddrphy_slice_top/i_mem_addr_0[11].u_outbuft_addr0/opit_1 on IOLHR_364_420.
Placed fixed group with base inst u_ddr3_test_h/u_ddrphy_top/ddrphy_slice_top/i_mem_addr_0[12].u_outbuft_addr0/opit_1 on IOLHR_364_414.
Placed fixed group with base inst u_ddr3_test_h/u_ddrphy_top/ddrphy_slice_top/i_mem_addr_0[13].u_outbuft_addr0/opit_1 on IOLHR_364_480.
Placed fixed group with base inst u_ddr3_test_h/u_ddrphy_top/ddrphy_slice_top/i_mem_addr_0[14].u_outbuft_addr0/opit_1 on IOLHR_364_504.
Placed fixed group with base inst u_ddr3_test_h/u_ddrphy_top/ddrphy_slice_top/k_mem_ba[0].u_outbuft_ba/opit_1 on IOLHR_364_438.
Placed fixed group with base inst u_ddr3_test_h/u_ddrphy_top/ddrphy_slice_top/k_mem_ba[1].u_outbuft_ba/opit_1 on IOLHR_364_396.
Placed fixed group with base inst u_ddr3_test_h/u_ddrphy_top/ddrphy_slice_top/k_mem_ba[2].u_outbuft_ba/opit_1 on IOLHR_364_366.
Placed fixed group with base inst u_ddr3_test_h/u_ddrphy_top/ddrphy_slice_top/u_outbuft_casn/opit_1 on IOLHR_364_312.
Placed fixed group with base inst u_ddr3_test_h/u_ddrphy_top/ddrphy_slice_top/u_outbuft_cke/opit_1 on IOLHR_364_426.
Placed fixed group with base inst u_ddr3_test_h/u_ddrphy_top/ddrphy_slice_top/u_outbuft_csn/opit_1 on IOLHR_364_432.
Placed fixed group with base inst u_ddr3_test_h/u_ddrphy_top/ddrphy_slice_top/u_outbuft_odt/opit_1 on IOLHR_364_492.
Placed fixed group with base inst u_ddr3_test_h/u_ddrphy_top/ddrphy_slice_top/u_outbuft_rasn/opit_1 on IOLHR_364_378.
Placed fixed group with base inst u_ddr3_test_h/u_ddrphy_top/ddrphy_slice_top/u_outbuft_wen/opit_1 on IOLHR_364_318.
Placed fixed group with base inst u_ddr3_test_h/u_ddrphy_top/ddrphy_slice_top/u_outbuftco_ck/opit_3 on IOLHR_364_354.
Placed fixed group with base inst u_gtp/opit_2 on IOLHR_364_468.
Placed fixed group with base inst u_rgmii_interface/rgmii_rx_data[0].u_rgmii_rxd_ibuf/opit_1 on IOLHR_16_1122.
Placed fixed group with base inst u_rgmii_interface/rgmii_rx_data[1].u_rgmii_rxd_ibuf/opit_1 on IOLHR_16_1128.
Placed fixed group with base inst u_rgmii_interface/rgmii_rx_data[2].u_rgmii_rxd_ibuf/opit_1 on IOLHR_16_1098.
Placed fixed group with base inst u_rgmii_interface/rgmii_rx_data[3].u_rgmii_rxd_ibuf/opit_1 on IOLHR_16_1104.
Placed fixed group with base inst u_rgmii_interface/rgmii_tx_data[0].u_rgmii_txd_obuf/opit_1 on IOLHR_16_1050.
Placed fixed group with base inst u_rgmii_interface/rgmii_tx_data[1].u_rgmii_txd_obuf/opit_1 on IOLHR_16_1020.
Placed fixed group with base inst u_rgmii_interface/rgmii_tx_data[2].u_rgmii_txd_obuf/opit_1 on IOLHR_16_1026.
Placed fixed group with base inst u_rgmii_interface/rgmii_tx_data[3].u_rgmii_txd_obuf/opit_1 on IOLHR_16_996.
Placed fixed group with base inst u_rgmii_interface/u_rgmii_rx_ctl_ibuf/opit_1 on IOLHR_16_1152.
Placed fixed group with base inst u_rgmii_interface/u_rgmii_tx_ctl_obuf/opit_1 on IOLHR_16_1044.
Placed fixed group with base inst u_rgmii_interface/u_rgmii_txc_obuf/opit_1 on IOLHR_16_1146.
Placed fixed group with base inst vs_in_ibuf/opit_1 on IOLHR_16_714.
Placed fixed instance u_ddr3_test_h/u_ddrphy_top/ddrphy_reset_ctrl/ddrphy_ioclk_gate[0]/opit_0_inv on CLMA_357_354.
Placed fixed instance u_ddr3_test_h/u_ddrphy_top/ddrphy_reset_ctrl/ddrphy_ioclk_gate[1]/opit_0_inv on CLMA_357_660.
Placed fixed instance GRS_INST/grs_ccs on CCS_87_316.
Placed fixed instance clkbufg_3/gopclkbufg on USCM_215_585.
Placed fixed instance clkbufg_4/gopclkbufg on USCM_215_636.
Placed fixed instance clkbufg_5/gopclkbufg on USCM_215_624.
Placed fixed instance clkbufg_6/gopclkbufg on USCM_215_591.
Placed fixed instance clkbufg_7/gopclkbufg on USCM_215_627.
Placed fixed instance clkbufg_8/gopclkbufg on USCM_215_582.
Placed fixed instance clkbufg_9/gopclkbufg on USCM_215_579.
Placed fixed instance clkbufg_10/gopclkbufg on USCM_215_630.
Placed fixed instance clkbufg_11/gopclkbufg on USCM_215_633.
Placed fixed instance cmos1_8_16bit/u_u_/iockdiv_inst on RCKB_9_150.
Placed fixed instance cmos2_8_16bit/u_u_/iockdiv_inst on RCKB_9_151.
Placed fixed instance cmos_pll/u_gpll/gpll_inst on GPLL_7_1075.
Placed fixed instance ref_clock/u_gpll/gpll_inst on GPLL_7_157.
Placed fixed instance u_CORES/u_GTP_SCANCHAIN_PG/scanchain on SCANCHAIN_88_312.
Placed fixed instance u_ddr3_test_h/u_ddrphy_top/ddrphy_gpll/u_gpll/gpll_inst on GPLL_367_463.
Placed fixed instance u_ddr3_test_h/u_ddrphy_top/ddrphy_slice_top/i_ca_group[0].u_ddc_ca/ddc_inst on DDR_PHY_369_463.
Placed fixed instance u_ddr3_test_h/u_ddrphy_top/ddrphy_slice_top/i_ca_group[1].u_ddc_ca/ddc_inst on DDR_PHY_369_309.
Placed fixed instance u_ddr3_test_h/u_ddrphy_top/ddrphy_slice_top/i_ca_group[2].u_ddc_ca/ddc_inst on DDR_PHY_369_307.
Placed fixed instance u_ddr3_test_h/u_ddrphy_top/ddrphy_slice_top/i_dqs_bank[0].ddrphy_ppll/u_ppll/ppll_inst on PPLL_367_307.
Placed fixed instance u_ddr3_test_h/u_ddrphy_top/ddrphy_slice_top/i_dqs_bank[0].u_clkbufr/goprclk on RCKB_363_456.
Placed fixed instance u_ddr3_test_h/u_ddrphy_top/ddrphy_slice_top/i_dqs_bank[0].u_ddrphy_ioclkdiv/ddrphy_ioclk_div_inst on DDRPHY_IOCLK_DIV_368_310.
Placed fixed instance u_ddr3_test_h/u_ddrphy_top/ddrphy_slice_top/i_dqs_bank[1].ddrphy_ppll/u_ppll/ppll_inst on PPLL_367_613.
Placed fixed instance u_ddr3_test_h/u_ddrphy_top/ddrphy_slice_top/i_dqs_bank[1].u_clkbufr/goprclk on RCKB_363_762.
Placed fixed instance u_ddr3_test_h/u_ddrphy_top/ddrphy_slice_top/i_dqs_bank[1].u_ddrphy_ioclkdiv/ddrphy_ioclk_div_inst on DDRPHY_IOCLK_DIV_368_616.
Placed fixed instance u_ddr3_test_h/u_ddrphy_top/ddrphy_slice_top/i_dqs_group[0].ddrphy_data_slice/u_ddc_dq/ddc_inst_PHY on DDR_PHY_369_769.
Placed fixed instance u_ddr3_test_h/u_ddrphy_top/ddrphy_slice_top/i_dqs_group[1].ddrphy_data_slice/u_ddc_dq/ddc_inst_PHY on DDR_PHY_369_771.
Placed fixed instance u_ddr3_test_h/u_ddrphy_top/ddrphy_slice_top/i_dqs_group[2].ddrphy_data_slice/u_ddc_dq/ddc_inst_PHY on DDR_PHY_369_615.
Placed fixed instance u_ddr3_test_h/u_ddrphy_top/ddrphy_slice_top/i_dqs_group[3].ddrphy_data_slice/u_ddc_dq/ddc_inst_PHY on DDR_PHY_369_613.
Placed fixed instance u_ddr3_test_h/u_ddrphy_top/rst_clk_gpll/u_gpll/gpll_inst on GPLL_7_769.
Placed fixed instance u_ddr3_test_h/u_ddrphy_top/u_clkbufm/clkbufm_inst on MRCKB_361_456.
Placed fixed instance u_ddr3_test_h/u_ddrphy_top/u_ddrphy_cpd/cpd_inst on DDRPHY_CPD_369_466.
Placed fixed instance u_ddr3_test_h/u_ddrphy_top/u_rst_clk_bufg/gopclkbufg on USCM_215_639.
Placed fixed instance u_ddr3_test_h/u_ddrphy_top/u_sysclk_bufg/gopclkbufg on USCM_215_576.
Placed fixed instance u_pll/u_gpll/gpll_inst on GPLL_367_769.
Placed fixed instance u_rgmii_interface/GTP_CLKBUFG_RXSHFT/gopclkbufg on USCM_215_588.
Placed fixed instance watch_clock/u_gpll/gpll_inst on GPLL_7_463.
Placed fixed instance BKCL_auto_0 on BKCL_1_952.
Placed fixed instance BKCL_auto_1 on BKCL_1_646.
Placed fixed instance BKCL_auto_2 on BKCL_1_340.
Placed fixed instance BKCL_auto_3 on BKCL_1_34.
Placed fixed instance BKCL_auto_4 on BKCL_373_646.
Placed fixed instance BKCL_auto_5 on BKCL_373_340.
Fixed placement takes 0.33 sec.

Phase 2.2 Process placement started.
I: The IO driver of ref_clock/u_gpll/gpll_inst(CLKIN1) is not constraint at pllpad, its clock path will pass through SRB.
I: The IO driver of u_ddr3_test_h/u_ddrphy_top/rst_clk_gpll/u_gpll/gpll_inst(CLKIN1) is not constraint at pllpad, its clock path will pass through SRB.
I: The IO driver of u_pll/u_gpll/gpll_inst(CLKIN1) is not constraint at pllpad, its clock path will pass through SRB.
I: The IO driver of watch_clock/u_gpll/gpll_inst(CLKIN1) is not constraint at pllpad, its clock path will pass through SRB.
Process placement takes 0.00 sec.

Phase 2.3 IO placement started.
IO placement takes 0.09 sec.

Phase 2.4 2nd GP placement started.
Run super clustering :
	Initial slack -7372.
	2 iterations finished.
	Final slack -6285.
Super clustering done.
Design Utilization : 14%.
Worst slack after global placement is -5474
2nd GP placement takes 11.36 sec.

Wirelength after global placement is 161332 and checksum is FEBFB62C4C3560E9.
Global placement takes 11.78 sec.

Phase 3 Post global placement started.
Packing LUT6D started.
I: LUT6D pack result: There are 4272 LUT6 in collection, pack success:106
Packing LUT6D takes 2.25 sec.
Phase 3.1 Macro cell placement started.
I: Process macros using "Greedy".
Wirelength after macro cell placement is 188080 and checksum is E24C657D318241FD.
Macro cell placement takes 0.03 sec.

Phase 3.2 3rd GP placement started.
Run super clustering :
	Initial slack -7372.
	2 iterations finished.
	Final slack -6285.
Super clustering done.
Design Utilization : 14%.
Worst slack after post global placement is -5483
3rd GP placement takes 3.27 sec.

Wirelength after post global placement is 164266 and checksum is B1178F706313E3E8.
Packing LUT6D started.
I: LUT6D pack result: There are 4081 LUT6 in collection, pack success:3
Packing LUT6D takes 2.08 sec.
Post global placement takes 7.66 sec.

Phase 4 Legalization started.
The average distance in LP is 0.406517.
Wirelength after legalization is 179059 and checksum is 3DF673657CF8DF54.
Legalization takes 0.59 sec.

Phase 5 Timing-driven detailed placement started.
Phase 5.1 Replication placement started.
Worst slack before Replication Place is -3795.
Replication placement takes 0.77 sec.

Wirelength after replication placement is 179111 and checksum is E14D024377DF8F93.
Phase 5.2 Swapping placement started.
Worst slack before detailed placement is -3795, TNS before detailed placement is -668960. 
Cost at Swap iteration 0 : -3795, wslk -3795, tns -645818, takes 0.14 sec.
Cost at DP iteration 0 : -3795, wslk -3656, tns -588980, takes 0.14 sec.
Cost at Swap iteration 1 : -3656, wslk -3656, tns -572897, takes 0.09 sec.
Cost at Swap iteration 2 : -3656, wslk -3656, tns -557605, takes 0.23 sec.
Cost at DP iteration 2 : -3656, wslk -3656, tns -537707, takes 0.47 sec.
Cost at Swap iteration 3 : -3656, wslk -3656, tns -538371, takes 0.08 sec.
Worst slack after detailed placement is -3656, TNS after detailed placement is -538371. 
Swapping placement takes 1.52 sec.

I: Place-6001: Add the new FF instances CLMS_243_649(/FF1/FF) CLMA_261_678(/FFAPP1/FF) replicated by the FF instance CLMA_261_678(/FF0/FF) .
Origin u_ddr3_test_h/u_ddrphy_top/ddrphy_dfi/dfi_init_complete/opit_0_inv replicates:
    CLMS_243_649(/FF1/FF)  : u_ddr3_test_h/u_ddrphy_top/ddrphy_dfi/dfi_init_complete/opit_0_inv_1(gopQ)
    CLMA_261_678(/FFAPP1/FF)  : u_ddr3_test_h/u_ddrphy_top/ddrphy_dfi/dfi_init_complete/opit_0_inv_2(gopQ)
Wirelength after detailed placement is 181159 and checksum is D0953494C20963BD.
Timing-driven detailed placement takes 2.31 sec.

Worst slack is -4472, TNS after placement is -1205484.
Placement done.
Total placement takes 34.31 sec.
Finished placement.

Routing started.
Building routing graph takes 3.36 sec.
Worst slack is -4472, TNS before global route is -1205484.
Processing design graph takes 1.23 sec.
Total memory for routing:
	228.340220 M.
Total nets for routing : 18667.
Global Routing step 1 processed 0 nets, it takes 1.08 sec.
Rcf routing step 1 processed 0 nets, it takes 0.00 sec.
Rcf routing step 2 processed 0 nets, it takes 0.00 sec.
Rcf routing step 3 processed 0 nets, it takes 0.00 sec.
Unrouted nets 0 at the end of iteration 0.
Global Routing step 1 processed 59 nets, it takes 0.03 sec.
Unrouted nets 159 at the end of iteration 0.
Unrouted nets 84 at the end of iteration 1.
Unrouted nets 50 at the end of iteration 2.
Unrouted nets 27 at the end of iteration 3.
Unrouted nets 16 at the end of iteration 4.
Unrouted nets 13 at the end of iteration 5.
Unrouted nets 10 at the end of iteration 6.
Unrouted nets 8 at the end of iteration 7.
Unrouted nets 9 at the end of iteration 8.
Unrouted nets 5 at the end of iteration 9.
Unrouted nets 4 at the end of iteration 10.
Unrouted nets 4 at the end of iteration 11.
Unrouted nets 3 at the end of iteration 12.
Unrouted nets 1 at the end of iteration 13.
Unrouted nets 1 at the end of iteration 14.
Unrouted nets 1 at the end of iteration 15.
Unrouted nets 1 at the end of iteration 16.
Unrouted nets 2 at the end of iteration 17.
Unrouted nets 1 at the end of iteration 18.
Unrouted nets 1 at the end of iteration 19.
Unrouted nets 1 at the end of iteration 20.
Unrouted nets 1 at the end of iteration 21.
Unrouted nets 1 at the end of iteration 22.
Unrouted nets 1 at the end of iteration 23.
Unrouted nets 1 at the end of iteration 24.
Unrouted nets 1 at the end of iteration 25.
Unrouted nets 1 at the end of iteration 26.
Unrouted nets 1 at the end of iteration 27.
Unrouted nets 1 at the end of iteration 28.
Unrouted nets 1 at the end of iteration 29.
Unrouted nets 1 at the end of iteration 30.
Unrouted nets 1 at the end of iteration 31.
Unrouted nets 1 at the end of iteration 32.
Unrouted nets 1 at the end of iteration 33.
Unrouted nets 1 at the end of iteration 34.
Unrouted nets 1 at the end of iteration 35.
Unrouted nets 1 at the end of iteration 36.
Unrouted nets 0 at the end of iteration 37.
Global Routing step 2 processed 433 nets, it takes 1.39 sec.
Unrouted nets 2 at the end of iteration 0.
Unrouted nets 0 at the end of iteration 1.
Global Routing step 3 processed 13 nets, it takes 0.06 sec.
Unrouted nets 462 at the end of iteration 0.
Unrouted nets 265 at the end of iteration 1.
Unrouted nets 149 at the end of iteration 2.
Unrouted nets 97 at the end of iteration 3.
Unrouted nets 71 at the end of iteration 4.
Unrouted nets 43 at the end of iteration 5.
Unrouted nets 28 at the end of iteration 6.
Unrouted nets 14 at the end of iteration 7.
Unrouted nets 3 at the end of iteration 8.
Unrouted nets 3 at the end of iteration 9.
Unrouted nets 2 at the end of iteration 10.
Unrouted nets 2 at the end of iteration 11.
Unrouted nets 0 at the end of iteration 12.
Global Routing step 4 processed 815 nets, it takes 1.30 sec.
Global routing takes 2.88 sec.
Total 20326 subnets.
    forward max bucket size 17082 , backward 768.
        Unrouted nets 13095 at the end of iteration 0.
    route iteration 0, CPU time elapsed 2.406250 sec.
    forward max bucket size 17029 , backward 767.
        Unrouted nets 10514 at the end of iteration 1.
    route iteration 1, CPU time elapsed 2.125000 sec.
    forward max bucket size 17013 , backward 759.
        Unrouted nets 8594 at the end of iteration 2.
    route iteration 2, CPU time elapsed 1.781250 sec.
    forward max bucket size 16925 , backward 800.
        Unrouted nets 7016 at the end of iteration 3.
    route iteration 3, CPU time elapsed 1.578125 sec.
    forward max bucket size 1171 , backward 799.
        Unrouted nets 6239 at the end of iteration 4.
    route iteration 4, CPU time elapsed 1.062500 sec.
    forward max bucket size 1166 , backward 876.
        Unrouted nets 4973 at the end of iteration 5.
    route iteration 5, CPU time elapsed 0.937500 sec.
    forward max bucket size 1126 , backward 886.
        Unrouted nets 3750 at the end of iteration 6.
    route iteration 6, CPU time elapsed 0.796875 sec.
    forward max bucket size 830 , backward 762.
        Unrouted nets 2894 at the end of iteration 7.
    route iteration 7, CPU time elapsed 0.609375 sec.
    forward max bucket size 13377 , backward 794.
        Unrouted nets 2251 at the end of iteration 8.
    route iteration 8, CPU time elapsed 0.562500 sec.
    forward max bucket size 13504 , backward 896.
        Unrouted nets 1732 at the end of iteration 9.
    route iteration 9, CPU time elapsed 0.453125 sec.
    forward max bucket size 1377 , backward 1324.
        Unrouted nets 1315 at the end of iteration 10.
    route iteration 10, CPU time elapsed 0.328125 sec.
    forward max bucket size 1316 , backward 1162.
        Unrouted nets 937 at the end of iteration 11.
    route iteration 11, CPU time elapsed 0.250000 sec.
    forward max bucket size 1057 , backward 815.
        Unrouted nets 775 at the end of iteration 12.
    route iteration 12, CPU time elapsed 0.203125 sec.
    forward max bucket size 1655 , backward 1409.
        Unrouted nets 562 at the end of iteration 13.
    route iteration 13, CPU time elapsed 0.203125 sec.
    forward max bucket size 902 , backward 754.
        Unrouted nets 393 at the end of iteration 14.
    route iteration 14, CPU time elapsed 0.140625 sec.
    forward max bucket size 737 , backward 773.
        Unrouted nets 275 at the end of iteration 15.
    route iteration 15, CPU time elapsed 0.125000 sec.
    forward max bucket size 679 , backward 769.
        Unrouted nets 205 at the end of iteration 16.
    route iteration 16, CPU time elapsed 0.109375 sec.
    forward max bucket size 471 , backward 373.
        Unrouted nets 145 at the end of iteration 17.
    route iteration 17, CPU time elapsed 0.093750 sec.
    forward max bucket size 1466 , backward 1084.
        Unrouted nets 119 at the end of iteration 18.
    route iteration 18, CPU time elapsed 0.093750 sec.
    forward max bucket size 274 , backward 156.
        Unrouted nets 92 at the end of iteration 19.
    route iteration 19, CPU time elapsed 0.093750 sec.
    forward max bucket size 1319 , backward 1234.
        Unrouted nets 91 at the end of iteration 20.
    route iteration 20, CPU time elapsed 0.078125 sec.
    forward max bucket size 1337 , backward 1311.
        Unrouted nets 99 at the end of iteration 21.
    route iteration 21, CPU time elapsed 0.078125 sec.
    forward max bucket size 370 , backward 302.
        Unrouted nets 81 at the end of iteration 22.
    route iteration 22, CPU time elapsed 0.093750 sec.
    forward max bucket size 554 , backward 423.
        Unrouted nets 76 at the end of iteration 23.
    route iteration 23, CPU time elapsed 0.062500 sec.
    forward max bucket size 615 , backward 554.
        Unrouted nets 60 at the end of iteration 24.
    route iteration 24, CPU time elapsed 0.062500 sec.
    forward max bucket size 307 , backward 242.
        Unrouted nets 40 at the end of iteration 25.
    route iteration 25, CPU time elapsed 0.062500 sec.
    forward max bucket size 221 , backward 55.
        Unrouted nets 32 at the end of iteration 26.
    route iteration 26, CPU time elapsed 0.046875 sec.
    forward max bucket size 317 , backward 232.
        Unrouted nets 18 at the end of iteration 27.
    route iteration 27, CPU time elapsed 0.062500 sec.
    forward max bucket size 173 , backward 27.
        Unrouted nets 20 at the end of iteration 28.
    route iteration 28, CPU time elapsed 0.062500 sec.
    forward max bucket size 172 , backward 25.
        Unrouted nets 12 at the end of iteration 29.
    route iteration 29, CPU time elapsed 0.062500 sec.
    forward max bucket size 30 , backward 7.
        Unrouted nets 7 at the end of iteration 30.
    route iteration 30, CPU time elapsed 0.046875 sec.
    forward max bucket size 79 , backward 9.
        Unrouted nets 6 at the end of iteration 31.
    route iteration 31, CPU time elapsed 0.046875 sec.
    forward max bucket size 41 , backward 23.
        Unrouted nets 0 at the end of iteration 32.
    route iteration 32, CPU time elapsed 0.062500 sec.
Detailed routing takes 32 iterations
I: Design net u_CORES/drck_o is routed by general path.
C: Route-2036: The clock path from u_CORES/u_GTP_SCANCHAIN_PG/scanchain:TCK1 to clkbufg_6/gopclkbufg:CLK is routed by SRB.
I: Design net coms1_reg_config/N1201 is routed by general path.
C: Route-2036: The clock path from coms1_reg_config/N1201/LUT6_inst:L6 to coms1_reg_config/reg_data[18]/opit_0:CLK is routed by SRB.
I: Design net coms2_reg_config/N1201 is routed by general path.
C: Route-2036: The clock path from coms2_reg_config/N1201/LUT6_inst:L6 to coms2_reg_config/reg_data[0]/opit_0:CLK is routed by SRB.
I: Design net coms1_reg_config/clock_20k is routed by general path.
C: Route-2036: The clock path from coms1_reg_config/clock_20k/opit_0_inv_L6Q:L6Q to coms1_reg_config/config_step_reg[1]/opit_0_inv_srl:CLK is routed by SRB.
I: Design net coms2_reg_config/clock_20k is routed by general path.
C: Route-2036: The clock path from coms2_reg_config/clock_20k/opit_0_inv_L6Q:L6Q to coms2_reg_config/config_step_reg[1]/opit_0_inv_srl:CLK is routed by SRB.
I: Design net u_CORES/capt_o is routed by general path.
C: Route-2036: The clock path from u_CORES/u_GTP_SCANCHAIN_PG/scanchain:CAPTUREDR to u_CORES/u_debug_core_0/u_hub_data_decode/id_sample.conf_id[4]/opit_0_inv:CLK is routed by SRB.
I: Design net ntclkbufg_3 is routed by general path.
C: Route-2036: The clock path from clkbufg_6/gopclkbufg:CLKOUT to u_CORES/u_debug_core_0/u0_trig_unit/conf_reg[147]/opit_0_inv_L6QL5Q1:CLK is routed by SRB.
Detailed routing takes 15.73 sec.
Start fix hold violation.
Build tmp routing results takes 0.17 sec.
Timing analysis takes 0.19 sec.
Hold violation fix iter 0 takes 1.64 sec, total_step_forward 270334.
Incremental timing analysis takes 0.19 sec.
Hold violation fix iter 1 takes 0.00 sec, total_step_forward 266.
Incremental timing analysis takes 0.17 sec.
Hold violation fix iter 2 takes 12.73 sec, total_step_forward 1614605.
Incremental timing analysis takes 0.17 sec.
Hold violation fix iter 3 takes 0.00 sec, total_step_forward 421.
Incremental timing analysis takes 0.16 sec.
Hold violation fix iter 4 takes 0.00 sec, total_step_forward 0.
Hold Violation Fix in router takes 5 iterations.
Fix hold violation Finished.
Hold Violation Fix in router takes 16.98 sec.

Dispose routing result:
    Collect routing result.
    Delete unused device instances.
    Annotate routing result.
    Change LUT configuration.
    Dispose misc instances.
    Annotate routing result again.
Finish routing takes 0.97 sec.
No timing paths have hold violation.
Hold fix iterated 1 times
Hold violation fix takes 2.14 sec.
Used SRB routing arc is 159087.
Cleanup routing takes 0.03 sec.
Routing done.
Total routing takes 45.53 sec.


Device Utilization Summary :
+------------------------------------------------------------------------------+
| Logic Utilization           | Used     | Available     | Utilization(%)     
+------------------------------------------------------------------------------+
| Use of ADC                  | 0        | 1             | 0                  
| Use of ANALOG               | 0        | 1             | 0                  
| Use of APM                  | 0        | 240           | 0                  
| Use of BKCL                 | 6        | 6             | 100                
| Use of CCS                  | 1        | 1             | 100                
| Use of CLMA                 | 2176     | 11675         | 19                 
|   FF                        | 6251     | 93400         | 7                  
|   LUT                       | 6442     | 46700         | 14                 
|   LUT-FF pairs              | 2871     | 46700         | 7                  
| Use of CLMS                 | 856      | 4975          | 18                 
|   FF                        | 2210     | 39800         | 6                  
|   LUT                       | 2346     | 19900         | 12                 
|   LUT-FF pairs              | 1047     | 19900         | 6                  
|   Distributed RAM           | 40       | 19900         | 1                  
| Use of DDRPHY_CPD           | 1        | 12            | 9                  
| Use of DDRPHY_IOCLK_DIV     | 2        | 6             | 34                 
| Use of DDR_PHY              | 7        | 24            | 30                 
| Use of DRM                  | 39       | 155           | 26                 
| Use of GPLL                 | 6        | 6             | 100                
| Use of GSEB                 | 0        | 218           | 0                  
| Use of HARD0                | 1220     | 10550         | 12                 
| Use of HCKB                 | 34       | 96            | 36                 
|  HCKB dataused              | 2        | 96            | 3                  
| Use of HCKMUX_TEST          | 0        | 8             | 0                  
| Use of HSSTLP               | 0        | 2             | 0                  
| Use of IO                   | 183      | 300           | 61                 
|   IOBD                      | 86       | 144           | 60                 
|   IOBS                      | 97       | 156           | 63                 
| Use of IOCKB                | 0        | 24            | 0                  
| Use of IOCKMUX_TEST         | 0        | 6             | 0                  
| Use of IOLHR                | 182      | 300           | 61                 
| Use of KEYRAM               | 0        | 1             | 0                  
| Use of MFG_TEST             | 0        | 1             | 0                  
| Use of MRCKB                | 1        | 12            | 9                  
| Use of MRCKMUX_TEST         | 0        | 6             | 0                  
| Use of MRPOSTMUX_TEST       | 0        | 6             | 0                  
| Use of PCIE                 | 0        | 1             | 0                  
| Use of PCKMUX_TEST          | 0        | 12            | 0                  
| Use of PLLMRMUX_TEST        | 0        | 6             | 0                  
| Use of PLLREFMUX_TEST       | 0        | 6             | 0                  
| Use of PPLL                 | 2        | 6             | 34                 
| Use of PREGMUXC_TEST        | 0        | 4             | 0                  
| Use of PREGMUXLR_TEST       | 0        | 6             | 0                  
| Use of RCKB                 | 6        | 24            | 25                 
|  RCKB dataused              | 1        | 24            | 5                  
| Use of RCKMUX_TEST          | 0        | 6             | 0                  
| Use of SCANCHAIN            | 1        | 1             | 100                
| Use of SCKMUX_TEST          | 0        | 12            | 0                  
| Use of SFB                  | 0        | 2225          | 0                  
| Use of SPAD                 | 0        | 8             | 0                  
| Use of TSERDES              | 14       | 48            | 30                 
| Use of USCM                 | 15       | 32            | 47                 
|  USCM dataused              | 1        | 32            | 4                  
| Use of USCMMUX_TEST         | 0        | 32            | 0                  
+------------------------------------------------------------------------------+

Finished routing.
Design 'hdmi_ddr_ov5640_top' has been placed and routed successfully.
Saving design to DB.
Finished placement and routing.
Action pnr: Real time elapsed is 0h:2m:7s
Action pnr: CPU time elapsed is 0h:1m:59s
Action pnr: Process CPU time elapsed is 0h:2m:28s
Current time: Mon Apr 27 18:25:09 2026
Action pnr: Peak memory pool usage is 2,254 MB
