--------------------------------------------------------------------------------------------------------------------------------------------------------------------------------------------------------------------------------------------------------------------------------------------------------------------
Detailed RTL Component Info :
-----Module Name :
                    hdmi_ddr_ov5640_top

-----ROMs :
            1K Bit    (64 x 20 bit)          ROMs := 1
            10K Bit    (512 x 20 bit)          ROMs := 1

-----RAMs :
            32 Bit    (16 x 2 bit)          RAMs := 1
            624 Bit    (16 x 39 bit)          RAMs := 2
            32 Bit    (32 x 1 bit)          RAMs := 1

Distributed RAM and Block RAM: Final Mapping Report
|-------------------------------------------------------------------------------------------------------------------------------------------------------------------------------------------|------------------------|-------------------|---------|
| DPRAM Inst Name                                                                                                                                                                           | Size (Depth x Width)   | Primitives        | Count   |
|-------------------------------------------------------------------------------------------------------------------------------------------------------------------------------------------|------------------------|-------------------|---------|
| u_ddr3_test_h/u_ips_ddrc_top/mcdq_dcp_top/mcdq_dcp_buf/A_ips2l_distributed_fifo/u_ips2l_distributed_fifo_distributed_fifo_v1_0/ips2l_distributed_sdpram_distributed_fifo_v1_0/mem         | 16 x 39                |                   |         |
|                                                                                                                                                                                           | 16 x 1                 | GTP_RAM32X1DP     | 1       |
|                                                                                                                                                                                           | 16 x 2                 | GTP_RAM32X2DP     | 19      |
|-------------------------------------------------------------------------------------------------------------------------------------------------------------------------------------------|------------------------|-------------------|---------|
| u_ddr3_test_h/u_ips_ddrc_top/mcdq_dcp_top/mcdq_dcp_buf/B_ips2l_distributed_fifo/u_ips2l_distributed_fifo_distributed_fifo_v1_0/ips2l_distributed_sdpram_distributed_fifo_v1_0/mem         | 16 x 39                |                   |         |
|                                                                                                                                                                                           | 16 x 1                 | GTP_RAM32X1DP     | 1       |
|                                                                                                                                                                                           | 16 x 2                 | GTP_RAM32X2DP     | 19      |
|-------------------------------------------------------------------------------------------------------------------------------------------------------------------------------------------|------------------------|-------------------|---------|
| u_ddr3_test_h/u_ips_ddrc_top/mcdq_rdatapath/mcdq_prefetch_fifo/ips2l_distributed_fifo/u_ips2l_distributed_fifo_distributed_fifo_v1_0/ips2l_distributed_sdpram_distributed_fifo_v1_0/mem   | 32 x 1                 |                   |         |
|                                                                                                                                                                                           | 32 x 1                 | GTP_RAM32X1DP     | 1       |
|-------------------------------------------------------------------------------------------------------------------------------------------------------------------------------------------|------------------------|-------------------|---------|
| u_ddr3_test_h/u_ips_ddrc_top/mcdq_wdatapath/ips_distributed_fifo/u_ips2l_distributed_fifo_distributed_fifo_v1_0/ips2l_distributed_sdpram_distributed_fifo_v1_0/mem                        | 16 x 2                 |                   |         |
|                                                                                                                                                                                           | 16 x 2                 | GTP_RAM32X2DP     | 1       |
|-------------------------------------------------------------------------------------------------------------------------------------------------------------------------------------------|------------------------|-------------------|---------|

|---------------------------------------------|------------------------|-------------------|-------------------|-------------------|-------------------|
| Inst Name                                   | Size (Depth x Width)   | Write_Mode_A      | Write_Mode_B      | Ram_Mode          | Primitives        |
|---------------------------------------------|------------------------|-------------------|-------------------|-------------------|-------------------|
| ms72xx_ctl/U1_ms7200_ctl/N1219_3_concat_3   | 512 x 20               |                   |                   |                   |                   |
|                          N1219_3_concat_3   | 512 x 20               | NORMAL_WRITE      | /                 | SINGLE_PORT       | GTP_DRM18K_E1     |
|---------------------------------------------|------------------------|-------------------|-------------------|-------------------|-------------------|
| ms72xx_ctl/U2_ms7210_ctl/N325_2_concat_2    | 64 x 20                |                   |                   |                   |                   |
|                          N325_2_concat_2    | 64 x 20                | NORMAL_WRITE      | /                 | SINGLE_PORT       | GTP_DRM18K_E1     |
|---------------------------------------------|------------------------|-------------------|-------------------|-------------------|-------------------|

--------------------------------------------------------------------------------------------------------------------------------------------------------------------------------------------------------------------------------------------------------------------------------------------------------------------

