#Build: Design Editor 2022.2-SP6.4, Build 146967, Jan 31 01:39 2024
#Install: D:\pango\PDS_2022.2-SP6.4\bin
#Application name: de.exe
#OS: Windows 10 10.0.26200
#Hostname: LCR
Generated by Design Editor (version 2022.2-SP6.4 build 146967) at Fri Apr 24 18:18:39 2026
Compiling verification operator library.
Compiling common defs.
Compiling prim grid devices.
Compiling prim grid device symbols.
Compiling gate devices.
Compiling gate operators.
Building architecture model.
Loading device packaging model.
Building architecture floorplan logic view.
Building architecture schematic structure.
Building architecture floorplan schematic view.
Loading the device ...
Loading the wires...
M_PROCESS_FINISH_STARTED

Loading wires finished.
Import Design DB finished.
Select Clock Region "CLOCK_REGION_4"
